Archive member included because of file (symbol)

c:/program files (x86)/gnu tools arm embedded/4.8 2014q2/bin/../lib/gcc/arm-none-eabi/4.8.4/armv6-m\libgcc.a(_udivsi3.o)
                              ..\obj\stm32f0xx_rcc.o (__aeabi_uidiv)
c:/program files (x86)/gnu tools arm embedded/4.8 2014q2/bin/../lib/gcc/arm-none-eabi/4.8.4/armv6-m\libgcc.a(_divsi3.o)
                              ..\obj\GFXC.o (__aeabi_idiv)
c:/program files (x86)/gnu tools arm embedded/4.8 2014q2/bin/../lib/gcc/arm-none-eabi/4.8.4/armv6-m\libgcc.a(_dvmd_tls.o)
                              c:/program files (x86)/gnu tools arm embedded/4.8 2014q2/bin/../lib/gcc/arm-none-eabi/4.8.4/armv6-m\libgcc.a(_udivsi3.o) (__aeabi_idiv0)
c:/program files (x86)/gnu tools arm embedded/4.8 2014q2/bin/../lib/gcc/arm-none-eabi/4.8.4/armv6-m\libgcc.a(extendsfdf2.o)
                              ..\obj\GFXC.o (__aeabi_f2d)
c:/program files (x86)/gnu tools arm embedded/4.8 2014q2/bin/../lib/gcc/arm-none-eabi/4.8.4/armv6-m\libgcc.a(_clzsi2.o)
                              c:/program files (x86)/gnu tools arm embedded/4.8 2014q2/bin/../lib/gcc/arm-none-eabi/4.8.4/armv6-m\libgcc.a(extendsfdf2.o) (__clzsi2)
c:/program files (x86)/gnu tools arm embedded/4.8 2014q2/bin/../lib/gcc/arm-none-eabi/4.8.4/../../../../arm-none-eabi/lib/armv6-m\libg.a(lib_a-sprintf.o)
                              ..\obj\GFXC.o (sprintf)
c:/program files (x86)/gnu tools arm embedded/4.8 2014q2/bin/../lib/gcc/arm-none-eabi/4.8.4/../../../../arm-none-eabi/lib/armv6-m\libg.a(lib_a-svfprintf.o)
                              c:/program files (x86)/gnu tools arm embedded/4.8 2014q2/bin/../lib/gcc/arm-none-eabi/4.8.4/../../../../arm-none-eabi/lib/armv6-m\libg.a(lib_a-sprintf.o) (_svfprintf_r)
c:/program files (x86)/gnu tools arm embedded/4.8 2014q2/bin/../lib/gcc/arm-none-eabi/4.8.4/../../../../arm-none-eabi/lib/armv6-m\libg.a(lib_a-dtoa.o)
                              c:/program files (x86)/gnu tools arm embedded/4.8 2014q2/bin/../lib/gcc/arm-none-eabi/4.8.4/../../../../arm-none-eabi/lib/armv6-m\libg.a(lib_a-svfprintf.o) (_dtoa_r)
c:/program files (x86)/gnu tools arm embedded/4.8 2014q2/bin/../lib/gcc/arm-none-eabi/4.8.4/../../../../arm-none-eabi/lib/armv6-m\libg.a(lib_a-impure.o)
                              c:/program files (x86)/gnu tools arm embedded/4.8 2014q2/bin/../lib/gcc/arm-none-eabi/4.8.4/../../../../arm-none-eabi/lib/armv6-m\libg.a(lib_a-sprintf.o) (_impure_ptr)
c:/program files (x86)/gnu tools arm embedded/4.8 2014q2/bin/../lib/gcc/arm-none-eabi/4.8.4/../../../../arm-none-eabi/lib/armv6-m\libg.a(lib_a-locale.o)
                              c:/program files (x86)/gnu tools arm embedded/4.8 2014q2/bin/../lib/gcc/arm-none-eabi/4.8.4/../../../../arm-none-eabi/lib/armv6-m\libg.a(lib_a-svfprintf.o) (_localeconv_r)
c:/program files (x86)/gnu tools arm embedded/4.8 2014q2/bin/../lib/gcc/arm-none-eabi/4.8.4/../../../../arm-none-eabi/lib/armv6-m\libg.a(lib_a-mallocr.o)
                              c:/program files (x86)/gnu tools arm embedded/4.8 2014q2/bin/../lib/gcc/arm-none-eabi/4.8.4/../../../../arm-none-eabi/lib/armv6-m\libg.a(lib_a-svfprintf.o) (_malloc_r)
c:/program files (x86)/gnu tools arm embedded/4.8 2014q2/bin/../lib/gcc/arm-none-eabi/4.8.4/../../../../arm-none-eabi/lib/armv6-m\libg.a(lib_a-memchr-stub.o)
                              c:/program files (x86)/gnu tools arm embedded/4.8 2014q2/bin/../lib/gcc/arm-none-eabi/4.8.4/../../../../arm-none-eabi/lib/armv6-m\libg.a(lib_a-svfprintf.o) (memchr)
c:/program files (x86)/gnu tools arm embedded/4.8 2014q2/bin/../lib/gcc/arm-none-eabi/4.8.4/../../../../arm-none-eabi/lib/armv6-m\libg.a(lib_a-memcpy-stub.o)
                              c:/program files (x86)/gnu tools arm embedded/4.8 2014q2/bin/../lib/gcc/arm-none-eabi/4.8.4/../../../../arm-none-eabi/lib/armv6-m\libg.a(lib_a-dtoa.o) (memcpy)
c:/program files (x86)/gnu tools arm embedded/4.8 2014q2/bin/../lib/gcc/arm-none-eabi/4.8.4/../../../../arm-none-eabi/lib/armv6-m\libg.a(lib_a-mlock.o)
                              c:/program files (x86)/gnu tools arm embedded/4.8 2014q2/bin/../lib/gcc/arm-none-eabi/4.8.4/../../../../arm-none-eabi/lib/armv6-m\libg.a(lib_a-mallocr.o) (__malloc_lock)
c:/program files (x86)/gnu tools arm embedded/4.8 2014q2/bin/../lib/gcc/arm-none-eabi/4.8.4/../../../../arm-none-eabi/lib/armv6-m\libg.a(lib_a-mprec.o)
                              c:/program files (x86)/gnu tools arm embedded/4.8 2014q2/bin/../lib/gcc/arm-none-eabi/4.8.4/../../../../arm-none-eabi/lib/armv6-m\libg.a(lib_a-dtoa.o) (_Balloc)
c:/program files (x86)/gnu tools arm embedded/4.8 2014q2/bin/../lib/gcc/arm-none-eabi/4.8.4/../../../../arm-none-eabi/lib/armv6-m\libg.a(lib_a-s_fpclassify.o)
                              c:/program files (x86)/gnu tools arm embedded/4.8 2014q2/bin/../lib/gcc/arm-none-eabi/4.8.4/../../../../arm-none-eabi/lib/armv6-m\libg.a(lib_a-svfprintf.o) (__fpclassifyd)
c:/program files (x86)/gnu tools arm embedded/4.8 2014q2/bin/../lib/gcc/arm-none-eabi/4.8.4/../../../../arm-none-eabi/lib/armv6-m\libg.a(lib_a-sbrkr.o)
                              c:/program files (x86)/gnu tools arm embedded/4.8 2014q2/bin/../lib/gcc/arm-none-eabi/4.8.4/../../../../arm-none-eabi/lib/armv6-m\libg.a(lib_a-mallocr.o) (_sbrk_r)
c:/program files (x86)/gnu tools arm embedded/4.8 2014q2/bin/../lib/gcc/arm-none-eabi/4.8.4/../../../../arm-none-eabi/lib/armv6-m\libg.a(lib_a-strcmp.o)
                              c:/program files (x86)/gnu tools arm embedded/4.8 2014q2/bin/../lib/gcc/arm-none-eabi/4.8.4/../../../../arm-none-eabi/lib/armv6-m\libg.a(lib_a-locale.o) (strcmp)
c:/program files (x86)/gnu tools arm embedded/4.8 2014q2/bin/../lib/gcc/arm-none-eabi/4.8.4/../../../../arm-none-eabi/lib/armv6-m\libg.a(lib_a-strlen.o)
                              c:/program files (x86)/gnu tools arm embedded/4.8 2014q2/bin/../lib/gcc/arm-none-eabi/4.8.4/../../../../arm-none-eabi/lib/armv6-m\libg.a(lib_a-svfprintf.o) (strlen)
c:/program files (x86)/gnu tools arm embedded/4.8 2014q2/bin/../lib/gcc/arm-none-eabi/4.8.4/../../../../arm-none-eabi/lib/armv6-m\libg.a(lib_a-svfiprintf.o)
                              c:/program files (x86)/gnu tools arm embedded/4.8 2014q2/bin/../lib/gcc/arm-none-eabi/4.8.4/../../../../arm-none-eabi/lib/armv6-m\libg.a(lib_a-svfprintf.o) (__ssprint_r)
c:/program files (x86)/gnu tools arm embedded/4.8 2014q2/bin/../lib/gcc/arm-none-eabi/4.8.4/../../../../arm-none-eabi/lib/armv6-m\libg.a(lib_a-callocr.o)
                              c:/program files (x86)/gnu tools arm embedded/4.8 2014q2/bin/../lib/gcc/arm-none-eabi/4.8.4/../../../../arm-none-eabi/lib/armv6-m\libg.a(lib_a-mprec.o) (_calloc_r)
c:/program files (x86)/gnu tools arm embedded/4.8 2014q2/bin/../lib/gcc/arm-none-eabi/4.8.4/../../../../arm-none-eabi/lib/armv6-m\libg.a(lib_a-freer.o)
                              c:/program files (x86)/gnu tools arm embedded/4.8 2014q2/bin/../lib/gcc/arm-none-eabi/4.8.4/../../../../arm-none-eabi/lib/armv6-m\libg.a(lib_a-mallocr.o) (_free_r)
c:/program files (x86)/gnu tools arm embedded/4.8 2014q2/bin/../lib/gcc/arm-none-eabi/4.8.4/../../../../arm-none-eabi/lib/armv6-m\libg.a(lib_a-memmove.o)
                              c:/program files (x86)/gnu tools arm embedded/4.8 2014q2/bin/../lib/gcc/arm-none-eabi/4.8.4/../../../../arm-none-eabi/lib/armv6-m\libg.a(lib_a-svfiprintf.o) (memmove)
c:/program files (x86)/gnu tools arm embedded/4.8 2014q2/bin/../lib/gcc/arm-none-eabi/4.8.4/../../../../arm-none-eabi/lib/armv6-m\libg.a(lib_a-memset.o)
                              c:/program files (x86)/gnu tools arm embedded/4.8 2014q2/bin/../lib/gcc/arm-none-eabi/4.8.4/../../../../arm-none-eabi/lib/armv6-m\libg.a(lib_a-callocr.o) (memset)
c:/program files (x86)/gnu tools arm embedded/4.8 2014q2/bin/../lib/gcc/arm-none-eabi/4.8.4/../../../../arm-none-eabi/lib/armv6-m\libg.a(lib_a-reallocr.o)
                              c:/program files (x86)/gnu tools arm embedded/4.8 2014q2/bin/../lib/gcc/arm-none-eabi/4.8.4/../../../../arm-none-eabi/lib/armv6-m\libg.a(lib_a-svfiprintf.o) (_realloc_r)
c:/program files (x86)/gnu tools arm embedded/4.8 2014q2/bin/../lib/gcc/arm-none-eabi/4.8.4/../../../../arm-none-eabi/lib/armv6-m\libg.a(lib_a-reent.o)
                              c:/program files (x86)/gnu tools arm embedded/4.8 2014q2/bin/../lib/gcc/arm-none-eabi/4.8.4/../../../../arm-none-eabi/lib/armv6-m\libg.a(lib_a-sbrkr.o) (errno)
c:/program files (x86)/gnu tools arm embedded/4.8 2014q2/bin/../lib/gcc/arm-none-eabi/4.8.4/armv6-m\libgcc.a(_arm_cmpdf2.o)
                              c:/program files (x86)/gnu tools arm embedded/4.8 2014q2/bin/../lib/gcc/arm-none-eabi/4.8.4/../../../../arm-none-eabi/lib/armv6-m\libg.a(lib_a-svfprintf.o) (__aeabi_dcmpeq)
c:/program files (x86)/gnu tools arm embedded/4.8 2014q2/bin/../lib/gcc/arm-none-eabi/4.8.4/armv6-m\libgcc.a(_aeabi_uldivmod.o)
                              c:/program files (x86)/gnu tools arm embedded/4.8 2014q2/bin/../lib/gcc/arm-none-eabi/4.8.4/../../../../arm-none-eabi/lib/armv6-m\libg.a(lib_a-svfprintf.o) (__aeabi_uldivmod)
c:/program files (x86)/gnu tools arm embedded/4.8 2014q2/bin/../lib/gcc/arm-none-eabi/4.8.4/armv6-m\libgcc.a(bpabi.o)
                              c:/program files (x86)/gnu tools arm embedded/4.8 2014q2/bin/../lib/gcc/arm-none-eabi/4.8.4/armv6-m\libgcc.a(_aeabi_uldivmod.o) (__gnu_uldivmod_helper)
c:/program files (x86)/gnu tools arm embedded/4.8 2014q2/bin/../lib/gcc/arm-none-eabi/4.8.4/armv6-m\libgcc.a(adddf3.o)
                              c:/program files (x86)/gnu tools arm embedded/4.8 2014q2/bin/../lib/gcc/arm-none-eabi/4.8.4/../../../../arm-none-eabi/lib/armv6-m\libg.a(lib_a-dtoa.o) (__aeabi_dadd)
c:/program files (x86)/gnu tools arm embedded/4.8 2014q2/bin/../lib/gcc/arm-none-eabi/4.8.4/armv6-m\libgcc.a(divdf3.o)
                              c:/program files (x86)/gnu tools arm embedded/4.8 2014q2/bin/../lib/gcc/arm-none-eabi/4.8.4/../../../../arm-none-eabi/lib/armv6-m\libg.a(lib_a-dtoa.o) (__aeabi_ddiv)
c:/program files (x86)/gnu tools arm embedded/4.8 2014q2/bin/../lib/gcc/arm-none-eabi/4.8.4/armv6-m\libgcc.a(eqdf2.o)
                              c:/program files (x86)/gnu tools arm embedded/4.8 2014q2/bin/../lib/gcc/arm-none-eabi/4.8.4/armv6-m\libgcc.a(_arm_cmpdf2.o) (__eqdf2)
c:/program files (x86)/gnu tools arm embedded/4.8 2014q2/bin/../lib/gcc/arm-none-eabi/4.8.4/armv6-m\libgcc.a(gedf2.o)
                              c:/program files (x86)/gnu tools arm embedded/4.8 2014q2/bin/../lib/gcc/arm-none-eabi/4.8.4/armv6-m\libgcc.a(_arm_cmpdf2.o) (__gedf2)
c:/program files (x86)/gnu tools arm embedded/4.8 2014q2/bin/../lib/gcc/arm-none-eabi/4.8.4/armv6-m\libgcc.a(ledf2.o)
                              c:/program files (x86)/gnu tools arm embedded/4.8 2014q2/bin/../lib/gcc/arm-none-eabi/4.8.4/armv6-m\libgcc.a(_arm_cmpdf2.o) (__ledf2)
c:/program files (x86)/gnu tools arm embedded/4.8 2014q2/bin/../lib/gcc/arm-none-eabi/4.8.4/armv6-m\libgcc.a(muldf3.o)
                              c:/program files (x86)/gnu tools arm embedded/4.8 2014q2/bin/../lib/gcc/arm-none-eabi/4.8.4/../../../../arm-none-eabi/lib/armv6-m\libg.a(lib_a-dtoa.o) (__aeabi_dmul)
c:/program files (x86)/gnu tools arm embedded/4.8 2014q2/bin/../lib/gcc/arm-none-eabi/4.8.4/armv6-m\libgcc.a(subdf3.o)
                              c:/program files (x86)/gnu tools arm embedded/4.8 2014q2/bin/../lib/gcc/arm-none-eabi/4.8.4/../../../../arm-none-eabi/lib/armv6-m\libg.a(lib_a-dtoa.o) (__aeabi_dsub)
c:/program files (x86)/gnu tools arm embedded/4.8 2014q2/bin/../lib/gcc/arm-none-eabi/4.8.4/armv6-m\libgcc.a(fixdfsi.o)
                              c:/program files (x86)/gnu tools arm embedded/4.8 2014q2/bin/../lib/gcc/arm-none-eabi/4.8.4/../../../../arm-none-eabi/lib/armv6-m\libg.a(lib_a-dtoa.o) (__aeabi_d2iz)
c:/program files (x86)/gnu tools arm embedded/4.8 2014q2/bin/../lib/gcc/arm-none-eabi/4.8.4/armv6-m\libgcc.a(floatsidf.o)
                              c:/program files (x86)/gnu tools arm embedded/4.8 2014q2/bin/../lib/gcc/arm-none-eabi/4.8.4/../../../../arm-none-eabi/lib/armv6-m\libg.a(lib_a-dtoa.o) (__aeabi_i2d)
c:/program files (x86)/gnu tools arm embedded/4.8 2014q2/bin/../lib/gcc/arm-none-eabi/4.8.4/armv6-m\libgcc.a(floatunsidf.o)
                              c:/program files (x86)/gnu tools arm embedded/4.8 2014q2/bin/../lib/gcc/arm-none-eabi/4.8.4/../../../../arm-none-eabi/lib/armv6-m\libg.a(lib_a-dtoa.o) (__aeabi_ui2d)
c:/program files (x86)/gnu tools arm embedded/4.8 2014q2/bin/../lib/gcc/arm-none-eabi/4.8.4/armv6-m\libgcc.a(_muldi3.o)
                              c:/program files (x86)/gnu tools arm embedded/4.8 2014q2/bin/../lib/gcc/arm-none-eabi/4.8.4/armv6-m\libgcc.a(bpabi.o) (__aeabi_lmul)
c:/program files (x86)/gnu tools arm embedded/4.8 2014q2/bin/../lib/gcc/arm-none-eabi/4.8.4/armv6-m\libgcc.a(_divdi3.o)
                              c:/program files (x86)/gnu tools arm embedded/4.8 2014q2/bin/../lib/gcc/arm-none-eabi/4.8.4/armv6-m\libgcc.a(bpabi.o) (__divdi3)
c:/program files (x86)/gnu tools arm embedded/4.8 2014q2/bin/../lib/gcc/arm-none-eabi/4.8.4/armv6-m\libgcc.a(_udivdi3.o)
                              c:/program files (x86)/gnu tools arm embedded/4.8 2014q2/bin/../lib/gcc/arm-none-eabi/4.8.4/armv6-m\libgcc.a(bpabi.o) (__udivdi3)

Allocating common symbols
Common symbol       size              file

errno               0x4               c:/program files (x86)/gnu tools arm embedded/4.8 2014q2/bin/../lib/gcc/arm-none-eabi/4.8.4/../../../../arm-none-eabi/lib/armv6-m\libg.a(lib_a-reent.o)
A                   0x18              ..\obj\main.o
S                   0x12              ..\obj\ILI9163.o
G                   0x8               ..\obj\ILI9163.o

Discarded input sections

 .text          0x00000000        0x0 ..\obj\stm32f0xx_rcc.o
 .data          0x00000000       0x10 ..\obj\stm32f0xx_rcc.o
 .bss           0x00000000        0x0 ..\obj\stm32f0xx_rcc.o
 .text.RCC_DeInit
                0x00000000       0x88 ..\obj\stm32f0xx_rcc.o
 .text.RCC_HSEConfig
                0x00000000       0x24 ..\obj\stm32f0xx_rcc.o
 .text.RCC_WaitForHSEStartUp
                0x00000000       0x60 ..\obj\stm32f0xx_rcc.o
 .text.RCC_AdjustHSICalibrationValue
                0x00000000       0x3c ..\obj\stm32f0xx_rcc.o
 .text.RCC_HSICmd
                0x00000000       0x38 ..\obj\stm32f0xx_rcc.o
 .text.RCC_AdjustHSI14CalibrationValue
                0x00000000       0x3c ..\obj\stm32f0xx_rcc.o
 .text.RCC_HSI14Cmd
                0x00000000       0x38 ..\obj\stm32f0xx_rcc.o
 .text.RCC_HSI14ADCRequestCmd
                0x00000000       0x38 ..\obj\stm32f0xx_rcc.o
 .text.RCC_LSEConfig
                0x00000000       0x38 ..\obj\stm32f0xx_rcc.o
 .text.RCC_LSEDriveConfig
                0x00000000       0x2c ..\obj\stm32f0xx_rcc.o
 .text.RCC_LSICmd
                0x00000000       0x38 ..\obj\stm32f0xx_rcc.o
 .text.RCC_PLLConfig
                0x00000000       0x34 ..\obj\stm32f0xx_rcc.o
 .text.RCC_PLLCmd
                0x00000000       0x40 ..\obj\stm32f0xx_rcc.o
 .text.RCC_PREDIV1Config
                0x00000000       0x34 ..\obj\stm32f0xx_rcc.o
 .text.RCC_ClockSecuritySystemCmd
                0x00000000       0x40 ..\obj\stm32f0xx_rcc.o
 .text.RCC_MCOConfig
                0x00000000       0x20 ..\obj\stm32f0xx_rcc.o
 .text.RCC_SYSCLKConfig
                0x00000000       0x34 ..\obj\stm32f0xx_rcc.o
 .text.RCC_GetSYSCLKSource
                0x00000000       0x1c ..\obj\stm32f0xx_rcc.o
 .text.RCC_HCLKConfig
                0x00000000       0x34 ..\obj\stm32f0xx_rcc.o
 .text.RCC_PCLKConfig
                0x00000000       0x38 ..\obj\stm32f0xx_rcc.o
 .text.RCC_ADCCLKConfig
                0x00000000       0x50 ..\obj\stm32f0xx_rcc.o
 .text.RCC_CECCLKConfig
                0x00000000       0x2c ..\obj\stm32f0xx_rcc.o
 .text.RCC_I2CCLKConfig
                0x00000000       0x2c ..\obj\stm32f0xx_rcc.o
 .text.RCC_USARTCLKConfig
                0x00000000       0x2c ..\obj\stm32f0xx_rcc.o
 .text.RCC_GetClocksFreq
                0x00000000      0x1cc ..\obj\stm32f0xx_rcc.o
 .text.RCC_RTCCLKConfig
                0x00000000       0x20 ..\obj\stm32f0xx_rcc.o
 .text.RCC_RTCCLKCmd
                0x00000000       0x40 ..\obj\stm32f0xx_rcc.o
 .text.RCC_BackupResetCmd
                0x00000000       0x40 ..\obj\stm32f0xx_rcc.o
 .text.RCC_APB1PeriphClockCmd
                0x00000000       0x3c ..\obj\stm32f0xx_rcc.o
 .text.RCC_AHBPeriphResetCmd
                0x00000000       0x3c ..\obj\stm32f0xx_rcc.o
 .text.RCC_APB2PeriphResetCmd
                0x00000000       0x3c ..\obj\stm32f0xx_rcc.o
 .text.RCC_APB1PeriphResetCmd
                0x00000000       0x3c ..\obj\stm32f0xx_rcc.o
 .text.RCC_ITConfig
                0x00000000       0x50 ..\obj\stm32f0xx_rcc.o
 .text.RCC_GetFlagStatus
                0x00000000       0x90 ..\obj\stm32f0xx_rcc.o
 .text.RCC_ClearFlag
                0x00000000       0x1c ..\obj\stm32f0xx_rcc.o
 .text.RCC_GetITStatus
                0x00000000       0x44 ..\obj\stm32f0xx_rcc.o
 .text.RCC_ClearITPendingBit
                0x00000000       0x20 ..\obj\stm32f0xx_rcc.o
 .text          0x00000000        0x0 ..\obj\stm32f0xx_adc.o
 .data          0x00000000        0x0 ..\obj\stm32f0xx_adc.o
 .bss           0x00000000        0x0 ..\obj\stm32f0xx_adc.o
 .text.ADC_DeInit
                0x00000000       0x34 ..\obj\stm32f0xx_adc.o
 .text.ADC_StructInit
                0x00000000       0x34 ..\obj\stm32f0xx_adc.o
 .text.ADC_JitterCmd
                0x00000000       0x38 ..\obj\stm32f0xx_adc.o
 .text.ADC_AutoPowerOffCmd
                0x00000000       0x3c ..\obj\stm32f0xx_adc.o
 .text.ADC_WaitModeCmd
                0x00000000       0x3c ..\obj\stm32f0xx_adc.o
 .text.ADC_AnalogWatchdogCmd
                0x00000000       0x3c ..\obj\stm32f0xx_adc.o
 .text.ADC_AnalogWatchdogThresholdsConfig
                0x00000000       0x28 ..\obj\stm32f0xx_adc.o
 .text.ADC_AnalogWatchdogSingleChannelConfig
                0x00000000       0x34 ..\obj\stm32f0xx_adc.o
 .text.ADC_AnalogWatchdogSingleChannelCmd
                0x00000000       0x3c ..\obj\stm32f0xx_adc.o
 .text.ADC_TempSensorCmd
                0x00000000       0x40 ..\obj\stm32f0xx_adc.o
 .text.ADC_VrefintCmd
                0x00000000       0x40 ..\obj\stm32f0xx_adc.o
 .text.ADC_VbatCmd
                0x00000000       0x40 ..\obj\stm32f0xx_adc.o
 .text.ADC_ContinuousModeCmd
                0x00000000       0x3c ..\obj\stm32f0xx_adc.o
 .text.ADC_DiscModeCmd
                0x00000000       0x3c ..\obj\stm32f0xx_adc.o
 .text.ADC_OverrunModeCmd
                0x00000000       0x3c ..\obj\stm32f0xx_adc.o
 .text.ADC_GetCalibrationFactor
                0x00000000       0x60 ..\obj\stm32f0xx_adc.o
 .text.ADC_StopOfConversion
                0x00000000       0x1c ..\obj\stm32f0xx_adc.o
 .text.ADC_DMACmd
                0x00000000       0x3c ..\obj\stm32f0xx_adc.o
 .text.ADC_DMARequestModeConfig
                0x00000000       0x2c ..\obj\stm32f0xx_adc.o
 .text.ADC_ITConfig
                0x00000000       0x38 ..\obj\stm32f0xx_adc.o
 .text.ADC_ClearFlag
                0x00000000       0x18 ..\obj\stm32f0xx_adc.o
 .text.ADC_GetITStatus
                0x00000000       0x50 ..\obj\stm32f0xx_adc.o
 .text.ADC_ClearITPendingBit
                0x00000000       0x18 ..\obj\stm32f0xx_adc.o
 .text          0x00000000        0x0 ..\obj\GFXC.o
 .data          0x00000000        0x0 ..\obj\GFXC.o
 .bss           0x00000000        0x0 ..\obj\GFXC.o
 .text.ColIP    0x00000000       0x98 ..\obj\GFXC.o
 .text.ColP     0x00000000       0x58 ..\obj\GFXC.o
 .text.PNumF    0x00000000      0x104 ..\obj\GFXC.o
 .text.Circle   0x00000000       0x44 ..\obj\GFXC.o
 .text.Ellipse  0x00000000       0xc4 ..\obj\GFXC.o
 .text.Semicircle
                0x00000000      0x14c ..\obj\GFXC.o
 .text.Rect     0x00000000      0x3d0 ..\obj\GFXC.o
 .text.FillRec  0x00000000      0x124 ..\obj\GFXC.o
 .text.LineP    0x00000000       0x94 ..\obj\GFXC.o
 .text.LineC    0x00000000      0x12c ..\obj\GFXC.o
 .text.Row      0x00000000       0xe0 ..\obj\GFXC.o
 .text.Column   0x00000000       0xe0 ..\obj\GFXC.o
 .text.Triangle
                0x00000000      0x1bc ..\obj\GFXC.o
 .text.InBounds
                0x00000000       0x34 ..\obj\GFXC.o
 .text.RotateCo
                0x00000000       0x70 ..\obj\GFXC.o
 .text.qSin     0x00000000       0x70 ..\obj\GFXC.o
 .text.IAbs     0x00000000       0x20 ..\obj\GFXC.o
 .text          0x00000000        0x0 ..\obj\ILI9163.o
 .data          0x00000000        0x0 ..\obj\ILI9163.o
 .bss           0x00000000        0x0 ..\obj\ILI9163.o
 .text.EToS     0x00000000       0x7c ..\obj\ILI9163.o
 .text.WritePix
                0x00000000       0x40 ..\obj\ILI9163.o
 .text.SleepMode
                0x00000000       0x34 ..\obj\ILI9163.o
 .text          0x00000000        0x0 ..\obj\main.o
 .data          0x00000000        0x0 ..\obj\main.o
 .text          0x00000000       0x14 ..\obj\startup_stm32f0xx.o
 .data          0x00000000        0x0 ..\obj\startup_stm32f0xx.o
 .bss           0x00000000        0x0 ..\obj\startup_stm32f0xx.o
 .text          0x00000000        0x0 ..\obj\stm32f0xx_spi.o
 .data          0x00000000        0x0 ..\obj\stm32f0xx_spi.o
 .bss           0x00000000        0x0 ..\obj\stm32f0xx_spi.o
 .text.SPI_I2S_DeInit
                0x00000000       0x58 ..\obj\stm32f0xx_spi.o
 .text.SPI_StructInit
                0x00000000       0x48 ..\obj\stm32f0xx_spi.o
 .text.I2S_StructInit
                0x00000000       0x34 ..\obj\stm32f0xx_spi.o
 .text.I2S_Init
                0x00000000      0x1c0 ..\obj\stm32f0xx_spi.o
 .text.SPI_TIModeCmd
                0x00000000       0x40 ..\obj\stm32f0xx_spi.o
 .text.I2S_Cmd  0x00000000       0x44 ..\obj\stm32f0xx_spi.o
 .text.SPI_DataSizeConfig
                0x00000000       0x58 ..\obj\stm32f0xx_spi.o
 .text.SPI_RxFIFOThresholdConfig
                0x00000000       0x3c ..\obj\stm32f0xx_spi.o
 .text.SPI_BiDirectionalLineConfig
                0x00000000       0x48 ..\obj\stm32f0xx_spi.o
 .text.SPI_NSSInternalSoftwareConfig
                0x00000000       0x4c ..\obj\stm32f0xx_spi.o
 .text.SPI_SSOutputCmd
                0x00000000       0x40 ..\obj\stm32f0xx_spi.o
 .text.SPI_NSSPulseModeCmd
                0x00000000       0x40 ..\obj\stm32f0xx_spi.o
 .text.SPI_I2S_SendData16
                0x00000000       0x1c ..\obj\stm32f0xx_spi.o
 .text.SPI_ReceiveData8
                0x00000000       0x24 ..\obj\stm32f0xx_spi.o
 .text.SPI_I2S_ReceiveData16
                0x00000000       0x18 ..\obj\stm32f0xx_spi.o
 .text.SPI_CRCLengthConfig
                0x00000000       0x3c ..\obj\stm32f0xx_spi.o
 .text.SPI_CalculateCRC
                0x00000000       0x44 ..\obj\stm32f0xx_spi.o
 .text.SPI_TransmitCRC
                0x00000000       0x20 ..\obj\stm32f0xx_spi.o
 .text.SPI_GetCRC
                0x00000000       0x44 ..\obj\stm32f0xx_spi.o
 .text.SPI_GetCRCPolynomial
                0x00000000       0x18 ..\obj\stm32f0xx_spi.o
 .text.SPI_I2S_DMACmd
                0x00000000       0x48 ..\obj\stm32f0xx_spi.o
 .text.SPI_LastDMATransferCmd
                0x00000000       0x3c ..\obj\stm32f0xx_spi.o
 .text.SPI_I2S_ITConfig
                0x00000000       0x7c ..\obj\stm32f0xx_spi.o
 .text.SPI_GetTransmissionFIFOStatus
                0x00000000       0x20 ..\obj\stm32f0xx_spi.o
 .text.SPI_GetReceptionFIFOStatus
                0x00000000       0x20 ..\obj\stm32f0xx_spi.o
 .text.SPI_I2S_ClearFlag
                0x00000000       0x20 ..\obj\stm32f0xx_spi.o
 .text.SPI_I2S_GetITStatus
                0x00000000       0xb0 ..\obj\stm32f0xx_spi.o
 .text          0x00000000        0x0 ..\obj\system_stm32f0xx_temp.o
 .bss           0x00000000        0x0 ..\obj\system_stm32f0xx_temp.o
 .text          0x00000000        0x0 ..\obj\stm32f0xx_gpio.o
 .data          0x00000000        0x0 ..\obj\stm32f0xx_gpio.o
 .bss           0x00000000        0x0 ..\obj\stm32f0xx_gpio.o
 .text.GPIO_DeInit
                0x00000000       0xc8 ..\obj\stm32f0xx_gpio.o
 .text.GPIO_StructInit
                0x00000000       0x30 ..\obj\stm32f0xx_gpio.o
 .text.GPIO_PinLockConfig
                0x00000000       0x44 ..\obj\stm32f0xx_gpio.o
 .text.GPIO_ReadInputDataBit
                0x00000000       0x48 ..\obj\stm32f0xx_gpio.o
 .text.GPIO_ReadInputData
                0x00000000       0x18 ..\obj\stm32f0xx_gpio.o
 .text.GPIO_ReadOutputDataBit
                0x00000000       0x48 ..\obj\stm32f0xx_gpio.o
 .text.GPIO_ReadOutputData
                0x00000000       0x18 ..\obj\stm32f0xx_gpio.o
 .text.GPIO_WriteBit
                0x00000000       0x30 ..\obj\stm32f0xx_gpio.o
 .text.GPIO_Write
                0x00000000       0x1c ..\obj\stm32f0xx_gpio.o
 .data          0x00000000        0x0 c:/program files (x86)/gnu tools arm embedded/4.8 2014q2/bin/../lib/gcc/arm-none-eabi/4.8.4/armv6-m\libgcc.a(_udivsi3.o)
 .bss           0x00000000        0x0 c:/program files (x86)/gnu tools arm embedded/4.8 2014q2/bin/../lib/gcc/arm-none-eabi/4.8.4/armv6-m\libgcc.a(_udivsi3.o)
 .data          0x00000000        0x0 c:/program files (x86)/gnu tools arm embedded/4.8 2014q2/bin/../lib/gcc/arm-none-eabi/4.8.4/armv6-m\libgcc.a(_divsi3.o)
 .bss           0x00000000        0x0 c:/program files (x86)/gnu tools arm embedded/4.8 2014q2/bin/../lib/gcc/arm-none-eabi/4.8.4/armv6-m\libgcc.a(_divsi3.o)
 .data          0x00000000        0x0 c:/program files (x86)/gnu tools arm embedded/4.8 2014q2/bin/../lib/gcc/arm-none-eabi/4.8.4/armv6-m\libgcc.a(_dvmd_tls.o)
 .bss           0x00000000        0x0 c:/program files (x86)/gnu tools arm embedded/4.8 2014q2/bin/../lib/gcc/arm-none-eabi/4.8.4/armv6-m\libgcc.a(_dvmd_tls.o)
 .text          0x00000000       0xa4 c:/program files (x86)/gnu tools arm embedded/4.8 2014q2/bin/../lib/gcc/arm-none-eabi/4.8.4/armv6-m\libgcc.a(extendsfdf2.o)
 .data          0x00000000        0x0 c:/program files (x86)/gnu tools arm embedded/4.8 2014q2/bin/../lib/gcc/arm-none-eabi/4.8.4/armv6-m\libgcc.a(extendsfdf2.o)
 .bss           0x00000000        0x0 c:/program files (x86)/gnu tools arm embedded/4.8 2014q2/bin/../lib/gcc/arm-none-eabi/4.8.4/armv6-m\libgcc.a(extendsfdf2.o)
 .ARM.attributes
                0x00000000       0x2c c:/program files (x86)/gnu tools arm embedded/4.8 2014q2/bin/../lib/gcc/arm-none-eabi/4.8.4/armv6-m\libgcc.a(extendsfdf2.o)
 .debug_frame   0x00000000       0x2c c:/program files (x86)/gnu tools arm embedded/4.8 2014q2/bin/../lib/gcc/arm-none-eabi/4.8.4/armv6-m\libgcc.a(extendsfdf2.o)
 .text          0x00000000       0x3c c:/program files (x86)/gnu tools arm embedded/4.8 2014q2/bin/../lib/gcc/arm-none-eabi/4.8.4/armv6-m\libgcc.a(_clzsi2.o)
 .data          0x00000000        0x0 c:/program files (x86)/gnu tools arm embedded/4.8 2014q2/bin/../lib/gcc/arm-none-eabi/4.8.4/armv6-m\libgcc.a(_clzsi2.o)
 .bss           0x00000000        0x0 c:/program files (x86)/gnu tools arm embedded/4.8 2014q2/bin/../lib/gcc/arm-none-eabi/4.8.4/armv6-m\libgcc.a(_clzsi2.o)
 .ARM.attributes
                0x00000000       0x1e c:/program files (x86)/gnu tools arm embedded/4.8 2014q2/bin/../lib/gcc/arm-none-eabi/4.8.4/armv6-m\libgcc.a(_clzsi2.o)
 .text          0x00000000        0x0 c:/program files (x86)/gnu tools arm embedded/4.8 2014q2/bin/../lib/gcc/arm-none-eabi/4.8.4/../../../../arm-none-eabi/lib/armv6-m\libg.a(lib_a-sprintf.o)
 .data          0x00000000        0x0 c:/program files (x86)/gnu tools arm embedded/4.8 2014q2/bin/../lib/gcc/arm-none-eabi/4.8.4/../../../../arm-none-eabi/lib/armv6-m\libg.a(lib_a-sprintf.o)
 .bss           0x00000000        0x0 c:/program files (x86)/gnu tools arm embedded/4.8 2014q2/bin/../lib/gcc/arm-none-eabi/4.8.4/../../../../arm-none-eabi/lib/armv6-m\libg.a(lib_a-sprintf.o)
 .text._sprintf_r
                0x00000000       0x40 c:/program files (x86)/gnu tools arm embedded/4.8 2014q2/bin/../lib/gcc/arm-none-eabi/4.8.4/../../../../arm-none-eabi/lib/armv6-m\libg.a(lib_a-sprintf.o)
 .text.sprintf  0x00000000       0x44 c:/program files (x86)/gnu tools arm embedded/4.8 2014q2/bin/../lib/gcc/arm-none-eabi/4.8.4/../../../../arm-none-eabi/lib/armv6-m\libg.a(lib_a-sprintf.o)
 .ARM.attributes
                0x00000000       0x2c c:/program files (x86)/gnu tools arm embedded/4.8 2014q2/bin/../lib/gcc/arm-none-eabi/4.8.4/../../../../arm-none-eabi/lib/armv6-m\libg.a(lib_a-sprintf.o)
 .debug_frame   0x00000000       0x4c c:/program files (x86)/gnu tools arm embedded/4.8 2014q2/bin/../lib/gcc/arm-none-eabi/4.8.4/../../../../arm-none-eabi/lib/armv6-m\libg.a(lib_a-sprintf.o)
 .text          0x00000000        0x0 c:/program files (x86)/gnu tools arm embedded/4.8 2014q2/bin/../lib/gcc/arm-none-eabi/4.8.4/../../../../arm-none-eabi/lib/armv6-m\libg.a(lib_a-svfprintf.o)
 .data          0x00000000        0x0 c:/program files (x86)/gnu tools arm embedded/4.8 2014q2/bin/../lib/gcc/arm-none-eabi/4.8.4/../../../../arm-none-eabi/lib/armv6-m\libg.a(lib_a-svfprintf.o)
 .bss           0x00000000        0x0 c:/program files (x86)/gnu tools arm embedded/4.8 2014q2/bin/../lib/gcc/arm-none-eabi/4.8.4/../../../../arm-none-eabi/lib/armv6-m\libg.a(lib_a-svfprintf.o)
 .text._svfprintf_r
                0x00000000     0x15c8 c:/program files (x86)/gnu tools arm embedded/4.8 2014q2/bin/../lib/gcc/arm-none-eabi/4.8.4/../../../../arm-none-eabi/lib/armv6-m\libg.a(lib_a-svfprintf.o)
 .rodata._svfprintf_r
                0x00000000      0x164 c:/program files (x86)/gnu tools arm embedded/4.8 2014q2/bin/../lib/gcc/arm-none-eabi/4.8.4/../../../../arm-none-eabi/lib/armv6-m\libg.a(lib_a-svfprintf.o)
 .rodata.zeroes.6763
                0x00000000       0x10 c:/program files (x86)/gnu tools arm embedded/4.8 2014q2/bin/../lib/gcc/arm-none-eabi/4.8.4/../../../../arm-none-eabi/lib/armv6-m\libg.a(lib_a-svfprintf.o)
 .rodata.str1.4
                0x00000000       0x44 c:/program files (x86)/gnu tools arm embedded/4.8 2014q2/bin/../lib/gcc/arm-none-eabi/4.8.4/../../../../arm-none-eabi/lib/armv6-m\libg.a(lib_a-svfprintf.o)
 .rodata.blanks.6762
                0x00000000       0x10 c:/program files (x86)/gnu tools arm embedded/4.8 2014q2/bin/../lib/gcc/arm-none-eabi/4.8.4/../../../../arm-none-eabi/lib/armv6-m\libg.a(lib_a-svfprintf.o)
 .ARM.attributes
                0x00000000       0x2c c:/program files (x86)/gnu tools arm embedded/4.8 2014q2/bin/../lib/gcc/arm-none-eabi/4.8.4/../../../../arm-none-eabi/lib/armv6-m\libg.a(lib_a-svfprintf.o)
 .debug_frame   0x00000000       0x3c c:/program files (x86)/gnu tools arm embedded/4.8 2014q2/bin/../lib/gcc/arm-none-eabi/4.8.4/../../../../arm-none-eabi/lib/armv6-m\libg.a(lib_a-svfprintf.o)
 .text          0x00000000        0x0 c:/program files (x86)/gnu tools arm embedded/4.8 2014q2/bin/../lib/gcc/arm-none-eabi/4.8.4/../../../../arm-none-eabi/lib/armv6-m\libg.a(lib_a-dtoa.o)
 .data          0x00000000        0x0 c:/program files (x86)/gnu tools arm embedded/4.8 2014q2/bin/../lib/gcc/arm-none-eabi/4.8.4/../../../../arm-none-eabi/lib/armv6-m\libg.a(lib_a-dtoa.o)
 .bss           0x00000000        0x0 c:/program files (x86)/gnu tools arm embedded/4.8 2014q2/bin/../lib/gcc/arm-none-eabi/4.8.4/../../../../arm-none-eabi/lib/armv6-m\libg.a(lib_a-dtoa.o)
 .text.quorem   0x00000000      0x150 c:/program files (x86)/gnu tools arm embedded/4.8 2014q2/bin/../lib/gcc/arm-none-eabi/4.8.4/../../../../arm-none-eabi/lib/armv6-m\libg.a(lib_a-dtoa.o)
 .text._dtoa_r  0x00000000      0xf38 c:/program files (x86)/gnu tools arm embedded/4.8 2014q2/bin/../lib/gcc/arm-none-eabi/4.8.4/../../../../arm-none-eabi/lib/armv6-m\libg.a(lib_a-dtoa.o)
 .rodata.str1.4
                0x00000000       0x14 c:/program files (x86)/gnu tools arm embedded/4.8 2014q2/bin/../lib/gcc/arm-none-eabi/4.8.4/../../../../arm-none-eabi/lib/armv6-m\libg.a(lib_a-dtoa.o)
 .ARM.attributes
                0x00000000       0x2c c:/program files (x86)/gnu tools arm embedded/4.8 2014q2/bin/../lib/gcc/arm-none-eabi/4.8.4/../../../../arm-none-eabi/lib/armv6-m\libg.a(lib_a-dtoa.o)
 .debug_frame   0x00000000       0x68 c:/program files (x86)/gnu tools arm embedded/4.8 2014q2/bin/../lib/gcc/arm-none-eabi/4.8.4/../../../../arm-none-eabi/lib/armv6-m\libg.a(lib_a-dtoa.o)
 .text          0x00000000        0x0 c:/program files (x86)/gnu tools arm embedded/4.8 2014q2/bin/../lib/gcc/arm-none-eabi/4.8.4/../../../../arm-none-eabi/lib/armv6-m\libg.a(lib_a-impure.o)
 .data          0x00000000        0x0 c:/program files (x86)/gnu tools arm embedded/4.8 2014q2/bin/../lib/gcc/arm-none-eabi/4.8.4/../../../../arm-none-eabi/lib/armv6-m\libg.a(lib_a-impure.o)
 .bss           0x00000000        0x0 c:/program files (x86)/gnu tools arm embedded/4.8 2014q2/bin/../lib/gcc/arm-none-eabi/4.8.4/../../../../arm-none-eabi/lib/armv6-m\libg.a(lib_a-impure.o)
 .data.impure_data
                0x00000000      0x428 c:/program files (x86)/gnu tools arm embedded/4.8 2014q2/bin/../lib/gcc/arm-none-eabi/4.8.4/../../../../arm-none-eabi/lib/armv6-m\libg.a(lib_a-impure.o)
 .data._impure_ptr
                0x00000000        0x4 c:/program files (x86)/gnu tools arm embedded/4.8 2014q2/bin/../lib/gcc/arm-none-eabi/4.8.4/../../../../arm-none-eabi/lib/armv6-m\libg.a(lib_a-impure.o)
 .rodata.str1.4
                0x00000000        0x4 c:/program files (x86)/gnu tools arm embedded/4.8 2014q2/bin/../lib/gcc/arm-none-eabi/4.8.4/../../../../arm-none-eabi/lib/armv6-m\libg.a(lib_a-impure.o)
 .rodata._global_impure_ptr
                0x00000000        0x4 c:/program files (x86)/gnu tools arm embedded/4.8 2014q2/bin/../lib/gcc/arm-none-eabi/4.8.4/../../../../arm-none-eabi/lib/armv6-m\libg.a(lib_a-impure.o)
 .ARM.attributes
                0x00000000       0x2c c:/program files (x86)/gnu tools arm embedded/4.8 2014q2/bin/../lib/gcc/arm-none-eabi/4.8.4/../../../../arm-none-eabi/lib/armv6-m\libg.a(lib_a-impure.o)
 .text          0x00000000        0x0 c:/program files (x86)/gnu tools arm embedded/4.8 2014q2/bin/../lib/gcc/arm-none-eabi/4.8.4/../../../../arm-none-eabi/lib/armv6-m\libg.a(lib_a-locale.o)
 .data          0x00000000        0x0 c:/program files (x86)/gnu tools arm embedded/4.8 2014q2/bin/../lib/gcc/arm-none-eabi/4.8.4/../../../../arm-none-eabi/lib/armv6-m\libg.a(lib_a-locale.o)
 .bss           0x00000000        0x0 c:/program files (x86)/gnu tools arm embedded/4.8 2014q2/bin/../lib/gcc/arm-none-eabi/4.8.4/../../../../arm-none-eabi/lib/armv6-m\libg.a(lib_a-locale.o)
 .text._setlocale_r
                0x00000000       0x44 c:/program files (x86)/gnu tools arm embedded/4.8 2014q2/bin/../lib/gcc/arm-none-eabi/4.8.4/../../../../arm-none-eabi/lib/armv6-m\libg.a(lib_a-locale.o)
 .text.__locale_charset
                0x00000000        0x8 c:/program files (x86)/gnu tools arm embedded/4.8 2014q2/bin/../lib/gcc/arm-none-eabi/4.8.4/../../../../arm-none-eabi/lib/armv6-m\libg.a(lib_a-locale.o)
 .text.__locale_mb_cur_max
                0x00000000        0xc c:/program files (x86)/gnu tools arm embedded/4.8 2014q2/bin/../lib/gcc/arm-none-eabi/4.8.4/../../../../arm-none-eabi/lib/armv6-m\libg.a(lib_a-locale.o)
 .text.__locale_msgcharset
                0x00000000        0x8 c:/program files (x86)/gnu tools arm embedded/4.8 2014q2/bin/../lib/gcc/arm-none-eabi/4.8.4/../../../../arm-none-eabi/lib/armv6-m\libg.a(lib_a-locale.o)
 .text.__locale_cjk_lang
                0x00000000        0x4 c:/program files (x86)/gnu tools arm embedded/4.8 2014q2/bin/../lib/gcc/arm-none-eabi/4.8.4/../../../../arm-none-eabi/lib/armv6-m\libg.a(lib_a-locale.o)
 .text._localeconv_r
                0x00000000        0x8 c:/program files (x86)/gnu tools arm embedded/4.8 2014q2/bin/../lib/gcc/arm-none-eabi/4.8.4/../../../../arm-none-eabi/lib/armv6-m\libg.a(lib_a-locale.o)
 .text.setlocale
                0x00000000       0x18 c:/program files (x86)/gnu tools arm embedded/4.8 2014q2/bin/../lib/gcc/arm-none-eabi/4.8.4/../../../../arm-none-eabi/lib/armv6-m\libg.a(lib_a-locale.o)
 .text.localeconv
                0x00000000        0x8 c:/program files (x86)/gnu tools arm embedded/4.8 2014q2/bin/../lib/gcc/arm-none-eabi/4.8.4/../../../../arm-none-eabi/lib/armv6-m\libg.a(lib_a-locale.o)
 .data.lc_message_charset
                0x00000000       0x20 c:/program files (x86)/gnu tools arm embedded/4.8 2014q2/bin/../lib/gcc/arm-none-eabi/4.8.4/../../../../arm-none-eabi/lib/armv6-m\libg.a(lib_a-locale.o)
 .bss._PathLocale
                0x00000000        0x4 c:/program files (x86)/gnu tools arm embedded/4.8 2014q2/bin/../lib/gcc/arm-none-eabi/4.8.4/../../../../arm-none-eabi/lib/armv6-m\libg.a(lib_a-locale.o)
 .bss.__nlocale_changed
                0x00000000        0x4 c:/program files (x86)/gnu tools arm embedded/4.8 2014q2/bin/../lib/gcc/arm-none-eabi/4.8.4/../../../../arm-none-eabi/lib/armv6-m\libg.a(lib_a-locale.o)
 .bss.__mlocale_changed
                0x00000000        0x4 c:/program files (x86)/gnu tools arm embedded/4.8 2014q2/bin/../lib/gcc/arm-none-eabi/4.8.4/../../../../arm-none-eabi/lib/armv6-m\libg.a(lib_a-locale.o)
 .data.lconv    0x00000000       0x38 c:/program files (x86)/gnu tools arm embedded/4.8 2014q2/bin/../lib/gcc/arm-none-eabi/4.8.4/../../../../arm-none-eabi/lib/armv6-m\libg.a(lib_a-locale.o)
 .rodata.str1.4
                0x00000000       0x14 c:/program files (x86)/gnu tools arm embedded/4.8 2014q2/bin/../lib/gcc/arm-none-eabi/4.8.4/../../../../arm-none-eabi/lib/armv6-m\libg.a(lib_a-locale.o)
 .data.lc_ctype_charset
                0x00000000       0x20 c:/program files (x86)/gnu tools arm embedded/4.8 2014q2/bin/../lib/gcc/arm-none-eabi/4.8.4/../../../../arm-none-eabi/lib/armv6-m\libg.a(lib_a-locale.o)
 .data.__mb_cur_max
                0x00000000        0x4 c:/program files (x86)/gnu tools arm embedded/4.8 2014q2/bin/../lib/gcc/arm-none-eabi/4.8.4/../../../../arm-none-eabi/lib/armv6-m\libg.a(lib_a-locale.o)
 .ARM.attributes
                0x00000000       0x2c c:/program files (x86)/gnu tools arm embedded/4.8 2014q2/bin/../lib/gcc/arm-none-eabi/4.8.4/../../../../arm-none-eabi/lib/armv6-m\libg.a(lib_a-locale.o)
 .debug_frame   0x00000000       0xa4 c:/program files (x86)/gnu tools arm embedded/4.8 2014q2/bin/../lib/gcc/arm-none-eabi/4.8.4/../../../../arm-none-eabi/lib/armv6-m\libg.a(lib_a-locale.o)
 .text          0x00000000        0x0 c:/program files (x86)/gnu tools arm embedded/4.8 2014q2/bin/../lib/gcc/arm-none-eabi/4.8.4/../../../../arm-none-eabi/lib/armv6-m\libg.a(lib_a-mallocr.o)
 .data          0x00000000        0x0 c:/program files (x86)/gnu tools arm embedded/4.8 2014q2/bin/../lib/gcc/arm-none-eabi/4.8.4/../../../../arm-none-eabi/lib/armv6-m\libg.a(lib_a-mallocr.o)
 .bss           0x00000000        0x0 c:/program files (x86)/gnu tools arm embedded/4.8 2014q2/bin/../lib/gcc/arm-none-eabi/4.8.4/../../../../arm-none-eabi/lib/armv6-m\libg.a(lib_a-mallocr.o)
 .text._malloc_r
                0x00000000      0x50c c:/program files (x86)/gnu tools arm embedded/4.8 2014q2/bin/../lib/gcc/arm-none-eabi/4.8.4/../../../../arm-none-eabi/lib/armv6-m\libg.a(lib_a-mallocr.o)
 .data.__malloc_av_
                0x00000000      0x408 c:/program files (x86)/gnu tools arm embedded/4.8 2014q2/bin/../lib/gcc/arm-none-eabi/4.8.4/../../../../arm-none-eabi/lib/armv6-m\libg.a(lib_a-mallocr.o)
 .data.__malloc_trim_threshold
                0x00000000        0x4 c:/program files (x86)/gnu tools arm embedded/4.8 2014q2/bin/../lib/gcc/arm-none-eabi/4.8.4/../../../../arm-none-eabi/lib/armv6-m\libg.a(lib_a-mallocr.o)
 .bss.__malloc_max_total_mem
                0x00000000        0x4 c:/program files (x86)/gnu tools arm embedded/4.8 2014q2/bin/../lib/gcc/arm-none-eabi/4.8.4/../../../../arm-none-eabi/lib/armv6-m\libg.a(lib_a-mallocr.o)
 .bss.__malloc_max_sbrked_mem
                0x00000000        0x4 c:/program files (x86)/gnu tools arm embedded/4.8 2014q2/bin/../lib/gcc/arm-none-eabi/4.8.4/../../../../arm-none-eabi/lib/armv6-m\libg.a(lib_a-mallocr.o)
 .bss.__malloc_top_pad
                0x00000000        0x4 c:/program files (x86)/gnu tools arm embedded/4.8 2014q2/bin/../lib/gcc/arm-none-eabi/4.8.4/../../../../arm-none-eabi/lib/armv6-m\libg.a(lib_a-mallocr.o)
 .bss.__malloc_current_mallinfo
                0x00000000       0x28 c:/program files (x86)/gnu tools arm embedded/4.8 2014q2/bin/../lib/gcc/arm-none-eabi/4.8.4/../../../../arm-none-eabi/lib/armv6-m\libg.a(lib_a-mallocr.o)
 .data.__malloc_sbrk_base
                0x00000000        0x4 c:/program files (x86)/gnu tools arm embedded/4.8 2014q2/bin/../lib/gcc/arm-none-eabi/4.8.4/../../../../arm-none-eabi/lib/armv6-m\libg.a(lib_a-mallocr.o)
 .ARM.attributes
                0x00000000       0x2c c:/program files (x86)/gnu tools arm embedded/4.8 2014q2/bin/../lib/gcc/arm-none-eabi/4.8.4/../../../../arm-none-eabi/lib/armv6-m\libg.a(lib_a-mallocr.o)
 .debug_frame   0x00000000       0x3c c:/program files (x86)/gnu tools arm embedded/4.8 2014q2/bin/../lib/gcc/arm-none-eabi/4.8.4/../../../../arm-none-eabi/lib/armv6-m\libg.a(lib_a-mallocr.o)
 .text          0x00000000        0x0 c:/program files (x86)/gnu tools arm embedded/4.8 2014q2/bin/../lib/gcc/arm-none-eabi/4.8.4/../../../../arm-none-eabi/lib/armv6-m\libg.a(lib_a-memchr-stub.o)
 .data          0x00000000        0x0 c:/program files (x86)/gnu tools arm embedded/4.8 2014q2/bin/../lib/gcc/arm-none-eabi/4.8.4/../../../../arm-none-eabi/lib/armv6-m\libg.a(lib_a-memchr-stub.o)
 .bss           0x00000000        0x0 c:/program files (x86)/gnu tools arm embedded/4.8 2014q2/bin/../lib/gcc/arm-none-eabi/4.8.4/../../../../arm-none-eabi/lib/armv6-m\libg.a(lib_a-memchr-stub.o)
 .text.memchr   0x00000000       0x84 c:/program files (x86)/gnu tools arm embedded/4.8 2014q2/bin/../lib/gcc/arm-none-eabi/4.8.4/../../../../arm-none-eabi/lib/armv6-m\libg.a(lib_a-memchr-stub.o)
 .ARM.attributes
                0x00000000       0x2c c:/program files (x86)/gnu tools arm embedded/4.8 2014q2/bin/../lib/gcc/arm-none-eabi/4.8.4/../../../../arm-none-eabi/lib/armv6-m\libg.a(lib_a-memchr-stub.o)
 .debug_frame   0x00000000       0x30 c:/program files (x86)/gnu tools arm embedded/4.8 2014q2/bin/../lib/gcc/arm-none-eabi/4.8.4/../../../../arm-none-eabi/lib/armv6-m\libg.a(lib_a-memchr-stub.o)
 .text          0x00000000        0x0 c:/program files (x86)/gnu tools arm embedded/4.8 2014q2/bin/../lib/gcc/arm-none-eabi/4.8.4/../../../../arm-none-eabi/lib/armv6-m\libg.a(lib_a-memcpy-stub.o)
 .data          0x00000000        0x0 c:/program files (x86)/gnu tools arm embedded/4.8 2014q2/bin/../lib/gcc/arm-none-eabi/4.8.4/../../../../arm-none-eabi/lib/armv6-m\libg.a(lib_a-memcpy-stub.o)
 .bss           0x00000000        0x0 c:/program files (x86)/gnu tools arm embedded/4.8 2014q2/bin/../lib/gcc/arm-none-eabi/4.8.4/../../../../arm-none-eabi/lib/armv6-m\libg.a(lib_a-memcpy-stub.o)
 .text.memcpy   0x00000000       0x84 c:/program files (x86)/gnu tools arm embedded/4.8 2014q2/bin/../lib/gcc/arm-none-eabi/4.8.4/../../../../arm-none-eabi/lib/armv6-m\libg.a(lib_a-memcpy-stub.o)
 .ARM.attributes
                0x00000000       0x2c c:/program files (x86)/gnu tools arm embedded/4.8 2014q2/bin/../lib/gcc/arm-none-eabi/4.8.4/../../../../arm-none-eabi/lib/armv6-m\libg.a(lib_a-memcpy-stub.o)
 .debug_frame   0x00000000       0x30 c:/program files (x86)/gnu tools arm embedded/4.8 2014q2/bin/../lib/gcc/arm-none-eabi/4.8.4/../../../../arm-none-eabi/lib/armv6-m\libg.a(lib_a-memcpy-stub.o)
 .text          0x00000000        0x0 c:/program files (x86)/gnu tools arm embedded/4.8 2014q2/bin/../lib/gcc/arm-none-eabi/4.8.4/../../../../arm-none-eabi/lib/armv6-m\libg.a(lib_a-mlock.o)
 .data          0x00000000        0x0 c:/program files (x86)/gnu tools arm embedded/4.8 2014q2/bin/../lib/gcc/arm-none-eabi/4.8.4/../../../../arm-none-eabi/lib/armv6-m\libg.a(lib_a-mlock.o)
 .bss           0x00000000        0x0 c:/program files (x86)/gnu tools arm embedded/4.8 2014q2/bin/../lib/gcc/arm-none-eabi/4.8.4/../../../../arm-none-eabi/lib/armv6-m\libg.a(lib_a-mlock.o)
 .text.__malloc_lock
                0x00000000        0x4 c:/program files (x86)/gnu tools arm embedded/4.8 2014q2/bin/../lib/gcc/arm-none-eabi/4.8.4/../../../../arm-none-eabi/lib/armv6-m\libg.a(lib_a-mlock.o)
 .text.__malloc_unlock
                0x00000000        0x4 c:/program files (x86)/gnu tools arm embedded/4.8 2014q2/bin/../lib/gcc/arm-none-eabi/4.8.4/../../../../arm-none-eabi/lib/armv6-m\libg.a(lib_a-mlock.o)
 .ARM.attributes
                0x00000000       0x2c c:/program files (x86)/gnu tools arm embedded/4.8 2014q2/bin/../lib/gcc/arm-none-eabi/4.8.4/../../../../arm-none-eabi/lib/armv6-m\libg.a(lib_a-mlock.o)
 .debug_frame   0x00000000       0x30 c:/program files (x86)/gnu tools arm embedded/4.8 2014q2/bin/../lib/gcc/arm-none-eabi/4.8.4/../../../../arm-none-eabi/lib/armv6-m\libg.a(lib_a-mlock.o)
 .text          0x00000000        0x0 c:/program files (x86)/gnu tools arm embedded/4.8 2014q2/bin/../lib/gcc/arm-none-eabi/4.8.4/../../../../arm-none-eabi/lib/armv6-m\libg.a(lib_a-mprec.o)
 .data          0x00000000        0x0 c:/program files (x86)/gnu tools arm embedded/4.8 2014q2/bin/../lib/gcc/arm-none-eabi/4.8.4/../../../../arm-none-eabi/lib/armv6-m\libg.a(lib_a-mprec.o)
 .bss           0x00000000        0x0 c:/program files (x86)/gnu tools arm embedded/4.8 2014q2/bin/../lib/gcc/arm-none-eabi/4.8.4/../../../../arm-none-eabi/lib/armv6-m\libg.a(lib_a-mprec.o)
 .text._Balloc  0x00000000       0x50 c:/program files (x86)/gnu tools arm embedded/4.8 2014q2/bin/../lib/gcc/arm-none-eabi/4.8.4/../../../../arm-none-eabi/lib/armv6-m\libg.a(lib_a-mprec.o)
 .text._Bfree   0x00000000       0x14 c:/program files (x86)/gnu tools arm embedded/4.8 2014q2/bin/../lib/gcc/arm-none-eabi/4.8.4/../../../../arm-none-eabi/lib/armv6-m\libg.a(lib_a-mprec.o)
 .text.__multadd
                0x00000000       0xa8 c:/program files (x86)/gnu tools arm embedded/4.8 2014q2/bin/../lib/gcc/arm-none-eabi/4.8.4/../../../../arm-none-eabi/lib/armv6-m\libg.a(lib_a-mprec.o)
 .text.__s2b    0x00000000       0x98 c:/program files (x86)/gnu tools arm embedded/4.8 2014q2/bin/../lib/gcc/arm-none-eabi/4.8.4/../../../../arm-none-eabi/lib/armv6-m\libg.a(lib_a-mprec.o)
 .text.__hi0bits
                0x00000000       0x3c c:/program files (x86)/gnu tools arm embedded/4.8 2014q2/bin/../lib/gcc/arm-none-eabi/4.8.4/../../../../arm-none-eabi/lib/armv6-m\libg.a(lib_a-mprec.o)
 .text.__lo0bits
                0x00000000       0x5c c:/program files (x86)/gnu tools arm embedded/4.8 2014q2/bin/../lib/gcc/arm-none-eabi/4.8.4/../../../../arm-none-eabi/lib/armv6-m\libg.a(lib_a-mprec.o)
 .text.__i2b    0x00000000       0x14 c:/program files (x86)/gnu tools arm embedded/4.8 2014q2/bin/../lib/gcc/arm-none-eabi/4.8.4/../../../../arm-none-eabi/lib/armv6-m\libg.a(lib_a-mprec.o)
 .text.__multiply
                0x00000000      0x144 c:/program files (x86)/gnu tools arm embedded/4.8 2014q2/bin/../lib/gcc/arm-none-eabi/4.8.4/../../../../arm-none-eabi/lib/armv6-m\libg.a(lib_a-mprec.o)
 .text.__pow5mult
                0x00000000       0xb8 c:/program files (x86)/gnu tools arm embedded/4.8 2014q2/bin/../lib/gcc/arm-none-eabi/4.8.4/../../../../arm-none-eabi/lib/armv6-m\libg.a(lib_a-mprec.o)
 .text.__lshift
                0x00000000       0xc0 c:/program files (x86)/gnu tools arm embedded/4.8 2014q2/bin/../lib/gcc/arm-none-eabi/4.8.4/../../../../arm-none-eabi/lib/armv6-m\libg.a(lib_a-mprec.o)
 .text.__mcmp   0x00000000       0x38 c:/program files (x86)/gnu tools arm embedded/4.8 2014q2/bin/../lib/gcc/arm-none-eabi/4.8.4/../../../../arm-none-eabi/lib/armv6-m\libg.a(lib_a-mprec.o)
 .text.__mdiff  0x00000000       0xe8 c:/program files (x86)/gnu tools arm embedded/4.8 2014q2/bin/../lib/gcc/arm-none-eabi/4.8.4/../../../../arm-none-eabi/lib/armv6-m\libg.a(lib_a-mprec.o)
 .text.__ulp    0x00000000       0x44 c:/program files (x86)/gnu tools arm embedded/4.8 2014q2/bin/../lib/gcc/arm-none-eabi/4.8.4/../../../../arm-none-eabi/lib/armv6-m\libg.a(lib_a-mprec.o)
 .text.__b2d    0x00000000       0xac c:/program files (x86)/gnu tools arm embedded/4.8 2014q2/bin/../lib/gcc/arm-none-eabi/4.8.4/../../../../arm-none-eabi/lib/armv6-m\libg.a(lib_a-mprec.o)
 .text.__d2b    0x00000000       0xbc c:/program files (x86)/gnu tools arm embedded/4.8 2014q2/bin/../lib/gcc/arm-none-eabi/4.8.4/../../../../arm-none-eabi/lib/armv6-m\libg.a(lib_a-mprec.o)
 .text.__ratio  0x00000000       0x70 c:/program files (x86)/gnu tools arm embedded/4.8 2014q2/bin/../lib/gcc/arm-none-eabi/4.8.4/../../../../arm-none-eabi/lib/armv6-m\libg.a(lib_a-mprec.o)
 .text._mprec_log10
                0x00000000       0x40 c:/program files (x86)/gnu tools arm embedded/4.8 2014q2/bin/../lib/gcc/arm-none-eabi/4.8.4/../../../../arm-none-eabi/lib/armv6-m\libg.a(lib_a-mprec.o)
 .text.__copybits
                0x00000000       0x40 c:/program files (x86)/gnu tools arm embedded/4.8 2014q2/bin/../lib/gcc/arm-none-eabi/4.8.4/../../../../arm-none-eabi/lib/armv6-m\libg.a(lib_a-mprec.o)
 .text.__any_on
                0x00000000       0x60 c:/program files (x86)/gnu tools arm embedded/4.8 2014q2/bin/../lib/gcc/arm-none-eabi/4.8.4/../../../../arm-none-eabi/lib/armv6-m\libg.a(lib_a-mprec.o)
 .rodata.__mprec_tens
                0x00000000       0xc8 c:/program files (x86)/gnu tools arm embedded/4.8 2014q2/bin/../lib/gcc/arm-none-eabi/4.8.4/../../../../arm-none-eabi/lib/armv6-m\libg.a(lib_a-mprec.o)
 .rodata.__mprec_bigtens
                0x00000000       0x28 c:/program files (x86)/gnu tools arm embedded/4.8 2014q2/bin/../lib/gcc/arm-none-eabi/4.8.4/../../../../arm-none-eabi/lib/armv6-m\libg.a(lib_a-mprec.o)
 .rodata.__mprec_tinytens
                0x00000000       0x28 c:/program files (x86)/gnu tools arm embedded/4.8 2014q2/bin/../lib/gcc/arm-none-eabi/4.8.4/../../../../arm-none-eabi/lib/armv6-m\libg.a(lib_a-mprec.o)
 .rodata.p05.5269
                0x00000000        0xc c:/program files (x86)/gnu tools arm embedded/4.8 2014q2/bin/../lib/gcc/arm-none-eabi/4.8.4/../../../../arm-none-eabi/lib/armv6-m\libg.a(lib_a-mprec.o)
 .ARM.attributes
                0x00000000       0x2c c:/program files (x86)/gnu tools arm embedded/4.8 2014q2/bin/../lib/gcc/arm-none-eabi/4.8.4/../../../../arm-none-eabi/lib/armv6-m\libg.a(lib_a-mprec.o)
 .debug_frame   0x00000000      0x260 c:/program files (x86)/gnu tools arm embedded/4.8 2014q2/bin/../lib/gcc/arm-none-eabi/4.8.4/../../../../arm-none-eabi/lib/armv6-m\libg.a(lib_a-mprec.o)
 .text          0x00000000        0x0 c:/program files (x86)/gnu tools arm embedded/4.8 2014q2/bin/../lib/gcc/arm-none-eabi/4.8.4/../../../../arm-none-eabi/lib/armv6-m\libg.a(lib_a-s_fpclassify.o)
 .data          0x00000000        0x0 c:/program files (x86)/gnu tools arm embedded/4.8 2014q2/bin/../lib/gcc/arm-none-eabi/4.8.4/../../../../arm-none-eabi/lib/armv6-m\libg.a(lib_a-s_fpclassify.o)
 .bss           0x00000000        0x0 c:/program files (x86)/gnu tools arm embedded/4.8 2014q2/bin/../lib/gcc/arm-none-eabi/4.8.4/../../../../arm-none-eabi/lib/armv6-m\libg.a(lib_a-s_fpclassify.o)
 .text.__fpclassifyd
                0x00000000       0x60 c:/program files (x86)/gnu tools arm embedded/4.8 2014q2/bin/../lib/gcc/arm-none-eabi/4.8.4/../../../../arm-none-eabi/lib/armv6-m\libg.a(lib_a-s_fpclassify.o)
 .ARM.attributes
                0x00000000       0x2c c:/program files (x86)/gnu tools arm embedded/4.8 2014q2/bin/../lib/gcc/arm-none-eabi/4.8.4/../../../../arm-none-eabi/lib/armv6-m\libg.a(lib_a-s_fpclassify.o)
 .debug_frame   0x00000000       0x2c c:/program files (x86)/gnu tools arm embedded/4.8 2014q2/bin/../lib/gcc/arm-none-eabi/4.8.4/../../../../arm-none-eabi/lib/armv6-m\libg.a(lib_a-s_fpclassify.o)
 .text          0x00000000        0x0 c:/program files (x86)/gnu tools arm embedded/4.8 2014q2/bin/../lib/gcc/arm-none-eabi/4.8.4/../../../../arm-none-eabi/lib/armv6-m\libg.a(lib_a-sbrkr.o)
 .data          0x00000000        0x0 c:/program files (x86)/gnu tools arm embedded/4.8 2014q2/bin/../lib/gcc/arm-none-eabi/4.8.4/../../../../arm-none-eabi/lib/armv6-m\libg.a(lib_a-sbrkr.o)
 .bss           0x00000000        0x0 c:/program files (x86)/gnu tools arm embedded/4.8 2014q2/bin/../lib/gcc/arm-none-eabi/4.8.4/../../../../arm-none-eabi/lib/armv6-m\libg.a(lib_a-sbrkr.o)
 .text._sbrk_r  0x00000000       0x24 c:/program files (x86)/gnu tools arm embedded/4.8 2014q2/bin/../lib/gcc/arm-none-eabi/4.8.4/../../../../arm-none-eabi/lib/armv6-m\libg.a(lib_a-sbrkr.o)
 .ARM.attributes
                0x00000000       0x2c c:/program files (x86)/gnu tools arm embedded/4.8 2014q2/bin/../lib/gcc/arm-none-eabi/4.8.4/../../../../arm-none-eabi/lib/armv6-m\libg.a(lib_a-sbrkr.o)
 .debug_frame   0x00000000       0x2c c:/program files (x86)/gnu tools arm embedded/4.8 2014q2/bin/../lib/gcc/arm-none-eabi/4.8.4/../../../../arm-none-eabi/lib/armv6-m\libg.a(lib_a-sbrkr.o)
 .text          0x00000000       0x14 c:/program files (x86)/gnu tools arm embedded/4.8 2014q2/bin/../lib/gcc/arm-none-eabi/4.8.4/../../../../arm-none-eabi/lib/armv6-m\libg.a(lib_a-strcmp.o)
 .data          0x00000000        0x0 c:/program files (x86)/gnu tools arm embedded/4.8 2014q2/bin/../lib/gcc/arm-none-eabi/4.8.4/../../../../arm-none-eabi/lib/armv6-m\libg.a(lib_a-strcmp.o)
 .bss           0x00000000        0x0 c:/program files (x86)/gnu tools arm embedded/4.8 2014q2/bin/../lib/gcc/arm-none-eabi/4.8.4/../../../../arm-none-eabi/lib/armv6-m\libg.a(lib_a-strcmp.o)
 .ARM.attributes
                0x00000000       0x1c c:/program files (x86)/gnu tools arm embedded/4.8 2014q2/bin/../lib/gcc/arm-none-eabi/4.8.4/../../../../arm-none-eabi/lib/armv6-m\libg.a(lib_a-strcmp.o)
 .text          0x00000000        0x0 c:/program files (x86)/gnu tools arm embedded/4.8 2014q2/bin/../lib/gcc/arm-none-eabi/4.8.4/../../../../arm-none-eabi/lib/armv6-m\libg.a(lib_a-strlen.o)
 .data          0x00000000        0x0 c:/program files (x86)/gnu tools arm embedded/4.8 2014q2/bin/../lib/gcc/arm-none-eabi/4.8.4/../../../../arm-none-eabi/lib/armv6-m\libg.a(lib_a-strlen.o)
 .bss           0x00000000        0x0 c:/program files (x86)/gnu tools arm embedded/4.8 2014q2/bin/../lib/gcc/arm-none-eabi/4.8.4/../../../../arm-none-eabi/lib/armv6-m\libg.a(lib_a-strlen.o)
 .text.strlen   0x00000000       0x10 c:/program files (x86)/gnu tools arm embedded/4.8 2014q2/bin/../lib/gcc/arm-none-eabi/4.8.4/../../../../arm-none-eabi/lib/armv6-m\libg.a(lib_a-strlen.o)
 .ARM.attributes
                0x00000000       0x2c c:/program files (x86)/gnu tools arm embedded/4.8 2014q2/bin/../lib/gcc/arm-none-eabi/4.8.4/../../../../arm-none-eabi/lib/armv6-m\libg.a(lib_a-strlen.o)
 .debug_frame   0x00000000       0x20 c:/program files (x86)/gnu tools arm embedded/4.8 2014q2/bin/../lib/gcc/arm-none-eabi/4.8.4/../../../../arm-none-eabi/lib/armv6-m\libg.a(lib_a-strlen.o)
 .text          0x00000000        0x0 c:/program files (x86)/gnu tools arm embedded/4.8 2014q2/bin/../lib/gcc/arm-none-eabi/4.8.4/../../../../arm-none-eabi/lib/armv6-m\libg.a(lib_a-svfiprintf.o)
 .data          0x00000000        0x0 c:/program files (x86)/gnu tools arm embedded/4.8 2014q2/bin/../lib/gcc/arm-none-eabi/4.8.4/../../../../arm-none-eabi/lib/armv6-m\libg.a(lib_a-svfiprintf.o)
 .bss           0x00000000        0x0 c:/program files (x86)/gnu tools arm embedded/4.8 2014q2/bin/../lib/gcc/arm-none-eabi/4.8.4/../../../../arm-none-eabi/lib/armv6-m\libg.a(lib_a-svfiprintf.o)
 .text.__ssprint_r
                0x00000000      0x12c c:/program files (x86)/gnu tools arm embedded/4.8 2014q2/bin/../lib/gcc/arm-none-eabi/4.8.4/../../../../arm-none-eabi/lib/armv6-m\libg.a(lib_a-svfiprintf.o)
 .text._svfiprintf_r
                0x00000000      0xac4 c:/program files (x86)/gnu tools arm embedded/4.8 2014q2/bin/../lib/gcc/arm-none-eabi/4.8.4/../../../../arm-none-eabi/lib/armv6-m\libg.a(lib_a-svfiprintf.o)
 .rodata._svfiprintf_r
                0x00000000      0x164 c:/program files (x86)/gnu tools arm embedded/4.8 2014q2/bin/../lib/gcc/arm-none-eabi/4.8.4/../../../../arm-none-eabi/lib/armv6-m\libg.a(lib_a-svfiprintf.o)
 .rodata.zeroes.6707
                0x00000000       0x10 c:/program files (x86)/gnu tools arm embedded/4.8 2014q2/bin/../lib/gcc/arm-none-eabi/4.8.4/../../../../arm-none-eabi/lib/armv6-m\libg.a(lib_a-svfiprintf.o)
 .rodata.str1.4
                0x00000000       0x30 c:/program files (x86)/gnu tools arm embedded/4.8 2014q2/bin/../lib/gcc/arm-none-eabi/4.8.4/../../../../arm-none-eabi/lib/armv6-m\libg.a(lib_a-svfiprintf.o)
 .rodata.blanks.6706
                0x00000000       0x10 c:/program files (x86)/gnu tools arm embedded/4.8 2014q2/bin/../lib/gcc/arm-none-eabi/4.8.4/../../../../arm-none-eabi/lib/armv6-m\libg.a(lib_a-svfiprintf.o)
 .ARM.attributes
                0x00000000       0x2c c:/program files (x86)/gnu tools arm embedded/4.8 2014q2/bin/../lib/gcc/arm-none-eabi/4.8.4/../../../../arm-none-eabi/lib/armv6-m\libg.a(lib_a-svfiprintf.o)
 .debug_frame   0x00000000       0x68 c:/program files (x86)/gnu tools arm embedded/4.8 2014q2/bin/../lib/gcc/arm-none-eabi/4.8.4/../../../../arm-none-eabi/lib/armv6-m\libg.a(lib_a-svfiprintf.o)
 .text          0x00000000        0x0 c:/program files (x86)/gnu tools arm embedded/4.8 2014q2/bin/../lib/gcc/arm-none-eabi/4.8.4/../../../../arm-none-eabi/lib/armv6-m\libg.a(lib_a-callocr.o)
 .data          0x00000000        0x0 c:/program files (x86)/gnu tools arm embedded/4.8 2014q2/bin/../lib/gcc/arm-none-eabi/4.8.4/../../../../arm-none-eabi/lib/armv6-m\libg.a(lib_a-callocr.o)
 .bss           0x00000000        0x0 c:/program files (x86)/gnu tools arm embedded/4.8 2014q2/bin/../lib/gcc/arm-none-eabi/4.8.4/../../../../arm-none-eabi/lib/armv6-m\libg.a(lib_a-callocr.o)
 .text._calloc_r
                0x00000000       0x60 c:/program files (x86)/gnu tools arm embedded/4.8 2014q2/bin/../lib/gcc/arm-none-eabi/4.8.4/../../../../arm-none-eabi/lib/armv6-m\libg.a(lib_a-callocr.o)
 .ARM.attributes
                0x00000000       0x2c c:/program files (x86)/gnu tools arm embedded/4.8 2014q2/bin/../lib/gcc/arm-none-eabi/4.8.4/../../../../arm-none-eabi/lib/armv6-m\libg.a(lib_a-callocr.o)
 .debug_frame   0x00000000       0x28 c:/program files (x86)/gnu tools arm embedded/4.8 2014q2/bin/../lib/gcc/arm-none-eabi/4.8.4/../../../../arm-none-eabi/lib/armv6-m\libg.a(lib_a-callocr.o)
 .text          0x00000000        0x0 c:/program files (x86)/gnu tools arm embedded/4.8 2014q2/bin/../lib/gcc/arm-none-eabi/4.8.4/../../../../arm-none-eabi/lib/armv6-m\libg.a(lib_a-freer.o)
 .data          0x00000000        0x0 c:/program files (x86)/gnu tools arm embedded/4.8 2014q2/bin/../lib/gcc/arm-none-eabi/4.8.4/../../../../arm-none-eabi/lib/armv6-m\libg.a(lib_a-freer.o)
 .bss           0x00000000        0x0 c:/program files (x86)/gnu tools arm embedded/4.8 2014q2/bin/../lib/gcc/arm-none-eabi/4.8.4/../../../../arm-none-eabi/lib/armv6-m\libg.a(lib_a-freer.o)
 .text._malloc_trim_r
                0x00000000       0xa0 c:/program files (x86)/gnu tools arm embedded/4.8 2014q2/bin/../lib/gcc/arm-none-eabi/4.8.4/../../../../arm-none-eabi/lib/armv6-m\libg.a(lib_a-freer.o)
 .text._free_r  0x00000000      0x190 c:/program files (x86)/gnu tools arm embedded/4.8 2014q2/bin/../lib/gcc/arm-none-eabi/4.8.4/../../../../arm-none-eabi/lib/armv6-m\libg.a(lib_a-freer.o)
 .ARM.attributes
                0x00000000       0x2c c:/program files (x86)/gnu tools arm embedded/4.8 2014q2/bin/../lib/gcc/arm-none-eabi/4.8.4/../../../../arm-none-eabi/lib/armv6-m\libg.a(lib_a-freer.o)
 .debug_frame   0x00000000       0x54 c:/program files (x86)/gnu tools arm embedded/4.8 2014q2/bin/../lib/gcc/arm-none-eabi/4.8.4/../../../../arm-none-eabi/lib/armv6-m\libg.a(lib_a-freer.o)
 .text          0x00000000        0x0 c:/program files (x86)/gnu tools arm embedded/4.8 2014q2/bin/../lib/gcc/arm-none-eabi/4.8.4/../../../../arm-none-eabi/lib/armv6-m\libg.a(lib_a-memmove.o)
 .data          0x00000000        0x0 c:/program files (x86)/gnu tools arm embedded/4.8 2014q2/bin/../lib/gcc/arm-none-eabi/4.8.4/../../../../arm-none-eabi/lib/armv6-m\libg.a(lib_a-memmove.o)
 .bss           0x00000000        0x0 c:/program files (x86)/gnu tools arm embedded/4.8 2014q2/bin/../lib/gcc/arm-none-eabi/4.8.4/../../../../arm-none-eabi/lib/armv6-m\libg.a(lib_a-memmove.o)
 .text.memmove  0x00000000       0xa4 c:/program files (x86)/gnu tools arm embedded/4.8 2014q2/bin/../lib/gcc/arm-none-eabi/4.8.4/../../../../arm-none-eabi/lib/armv6-m\libg.a(lib_a-memmove.o)
 .ARM.attributes
                0x00000000       0x2c c:/program files (x86)/gnu tools arm embedded/4.8 2014q2/bin/../lib/gcc/arm-none-eabi/4.8.4/../../../../arm-none-eabi/lib/armv6-m\libg.a(lib_a-memmove.o)
 .debug_frame   0x00000000       0x30 c:/program files (x86)/gnu tools arm embedded/4.8 2014q2/bin/../lib/gcc/arm-none-eabi/4.8.4/../../../../arm-none-eabi/lib/armv6-m\libg.a(lib_a-memmove.o)
 .text          0x00000000        0x0 c:/program files (x86)/gnu tools arm embedded/4.8 2014q2/bin/../lib/gcc/arm-none-eabi/4.8.4/../../../../arm-none-eabi/lib/armv6-m\libg.a(lib_a-memset.o)
 .data          0x00000000        0x0 c:/program files (x86)/gnu tools arm embedded/4.8 2014q2/bin/../lib/gcc/arm-none-eabi/4.8.4/../../../../arm-none-eabi/lib/armv6-m\libg.a(lib_a-memset.o)
 .bss           0x00000000        0x0 c:/program files (x86)/gnu tools arm embedded/4.8 2014q2/bin/../lib/gcc/arm-none-eabi/4.8.4/../../../../arm-none-eabi/lib/armv6-m\libg.a(lib_a-memset.o)
 .text.memset   0x00000000       0x9c c:/program files (x86)/gnu tools arm embedded/4.8 2014q2/bin/../lib/gcc/arm-none-eabi/4.8.4/../../../../arm-none-eabi/lib/armv6-m\libg.a(lib_a-memset.o)
 .ARM.attributes
                0x00000000       0x2c c:/program files (x86)/gnu tools arm embedded/4.8 2014q2/bin/../lib/gcc/arm-none-eabi/4.8.4/../../../../arm-none-eabi/lib/armv6-m\libg.a(lib_a-memset.o)
 .debug_frame   0x00000000       0x30 c:/program files (x86)/gnu tools arm embedded/4.8 2014q2/bin/../lib/gcc/arm-none-eabi/4.8.4/../../../../arm-none-eabi/lib/armv6-m\libg.a(lib_a-memset.o)
 .text          0x00000000        0x0 c:/program files (x86)/gnu tools arm embedded/4.8 2014q2/bin/../lib/gcc/arm-none-eabi/4.8.4/../../../../arm-none-eabi/lib/armv6-m\libg.a(lib_a-reallocr.o)
 .data          0x00000000        0x0 c:/program files (x86)/gnu tools arm embedded/4.8 2014q2/bin/../lib/gcc/arm-none-eabi/4.8.4/../../../../arm-none-eabi/lib/armv6-m\libg.a(lib_a-reallocr.o)
 .bss           0x00000000        0x0 c:/program files (x86)/gnu tools arm embedded/4.8 2014q2/bin/../lib/gcc/arm-none-eabi/4.8.4/../../../../arm-none-eabi/lib/armv6-m\libg.a(lib_a-reallocr.o)
 .text._realloc_r
                0x00000000      0x360 c:/program files (x86)/gnu tools arm embedded/4.8 2014q2/bin/../lib/gcc/arm-none-eabi/4.8.4/../../../../arm-none-eabi/lib/armv6-m\libg.a(lib_a-reallocr.o)
 .ARM.attributes
                0x00000000       0x2c c:/program files (x86)/gnu tools arm embedded/4.8 2014q2/bin/../lib/gcc/arm-none-eabi/4.8.4/../../../../arm-none-eabi/lib/armv6-m\libg.a(lib_a-reallocr.o)
 .debug_frame   0x00000000       0x3c c:/program files (x86)/gnu tools arm embedded/4.8 2014q2/bin/../lib/gcc/arm-none-eabi/4.8.4/../../../../arm-none-eabi/lib/armv6-m\libg.a(lib_a-reallocr.o)
 .text          0x00000000        0x0 c:/program files (x86)/gnu tools arm embedded/4.8 2014q2/bin/../lib/gcc/arm-none-eabi/4.8.4/../../../../arm-none-eabi/lib/armv6-m\libg.a(lib_a-reent.o)
 .data          0x00000000        0x0 c:/program files (x86)/gnu tools arm embedded/4.8 2014q2/bin/../lib/gcc/arm-none-eabi/4.8.4/../../../../arm-none-eabi/lib/armv6-m\libg.a(lib_a-reent.o)
 .bss           0x00000000        0x0 c:/program files (x86)/gnu tools arm embedded/4.8 2014q2/bin/../lib/gcc/arm-none-eabi/4.8.4/../../../../arm-none-eabi/lib/armv6-m\libg.a(lib_a-reent.o)
 .text.cleanup_glue
                0x00000000       0x1c c:/program files (x86)/gnu tools arm embedded/4.8 2014q2/bin/../lib/gcc/arm-none-eabi/4.8.4/../../../../arm-none-eabi/lib/armv6-m\libg.a(lib_a-reent.o)
 .text._reclaim_reent
                0x00000000       0xa0 c:/program files (x86)/gnu tools arm embedded/4.8 2014q2/bin/../lib/gcc/arm-none-eabi/4.8.4/../../../../arm-none-eabi/lib/armv6-m\libg.a(lib_a-reent.o)
 .ARM.attributes
                0x00000000       0x2c c:/program files (x86)/gnu tools arm embedded/4.8 2014q2/bin/../lib/gcc/arm-none-eabi/4.8.4/../../../../arm-none-eabi/lib/armv6-m\libg.a(lib_a-reent.o)
 .debug_frame   0x00000000       0x48 c:/program files (x86)/gnu tools arm embedded/4.8 2014q2/bin/../lib/gcc/arm-none-eabi/4.8.4/../../../../arm-none-eabi/lib/armv6-m\libg.a(lib_a-reent.o)
 COMMON         0x00000000        0x4 c:/program files (x86)/gnu tools arm embedded/4.8 2014q2/bin/../lib/gcc/arm-none-eabi/4.8.4/../../../../arm-none-eabi/lib/armv6-m\libg.a(lib_a-reent.o)
 .text          0x00000000       0x7c c:/program files (x86)/gnu tools arm embedded/4.8 2014q2/bin/../lib/gcc/arm-none-eabi/4.8.4/armv6-m\libgcc.a(_arm_cmpdf2.o)
 .data          0x00000000        0x0 c:/program files (x86)/gnu tools arm embedded/4.8 2014q2/bin/../lib/gcc/arm-none-eabi/4.8.4/armv6-m\libgcc.a(_arm_cmpdf2.o)
 .bss           0x00000000        0x0 c:/program files (x86)/gnu tools arm embedded/4.8 2014q2/bin/../lib/gcc/arm-none-eabi/4.8.4/armv6-m\libgcc.a(_arm_cmpdf2.o)
 .ARM.attributes
                0x00000000       0x1e c:/program files (x86)/gnu tools arm embedded/4.8 2014q2/bin/../lib/gcc/arm-none-eabi/4.8.4/armv6-m\libgcc.a(_arm_cmpdf2.o)
 .text          0x00000000       0x40 c:/program files (x86)/gnu tools arm embedded/4.8 2014q2/bin/../lib/gcc/arm-none-eabi/4.8.4/armv6-m\libgcc.a(_aeabi_uldivmod.o)
 .data          0x00000000        0x0 c:/program files (x86)/gnu tools arm embedded/4.8 2014q2/bin/../lib/gcc/arm-none-eabi/4.8.4/armv6-m\libgcc.a(_aeabi_uldivmod.o)
 .bss           0x00000000        0x0 c:/program files (x86)/gnu tools arm embedded/4.8 2014q2/bin/../lib/gcc/arm-none-eabi/4.8.4/armv6-m\libgcc.a(_aeabi_uldivmod.o)
 .ARM.attributes
                0x00000000       0x1e c:/program files (x86)/gnu tools arm embedded/4.8 2014q2/bin/../lib/gcc/arm-none-eabi/4.8.4/armv6-m\libgcc.a(_aeabi_uldivmod.o)
 .text          0x00000000       0x6c c:/program files (x86)/gnu tools arm embedded/4.8 2014q2/bin/../lib/gcc/arm-none-eabi/4.8.4/armv6-m\libgcc.a(bpabi.o)
 .data          0x00000000        0x0 c:/program files (x86)/gnu tools arm embedded/4.8 2014q2/bin/../lib/gcc/arm-none-eabi/4.8.4/armv6-m\libgcc.a(bpabi.o)
 .bss           0x00000000        0x0 c:/program files (x86)/gnu tools arm embedded/4.8 2014q2/bin/../lib/gcc/arm-none-eabi/4.8.4/armv6-m\libgcc.a(bpabi.o)
 .ARM.attributes
                0x00000000       0x2c c:/program files (x86)/gnu tools arm embedded/4.8 2014q2/bin/../lib/gcc/arm-none-eabi/4.8.4/armv6-m\libgcc.a(bpabi.o)
 .debug_frame   0x00000000       0x50 c:/program files (x86)/gnu tools arm embedded/4.8 2014q2/bin/../lib/gcc/arm-none-eabi/4.8.4/armv6-m\libgcc.a(bpabi.o)
 .text          0x00000000      0x644 c:/program files (x86)/gnu tools arm embedded/4.8 2014q2/bin/../lib/gcc/arm-none-eabi/4.8.4/armv6-m\libgcc.a(adddf3.o)
 .data          0x00000000        0x0 c:/program files (x86)/gnu tools arm embedded/4.8 2014q2/bin/../lib/gcc/arm-none-eabi/4.8.4/armv6-m\libgcc.a(adddf3.o)
 .bss           0x00000000        0x0 c:/program files (x86)/gnu tools arm embedded/4.8 2014q2/bin/../lib/gcc/arm-none-eabi/4.8.4/armv6-m\libgcc.a(adddf3.o)
 .ARM.attributes
                0x00000000       0x2c c:/program files (x86)/gnu tools arm embedded/4.8 2014q2/bin/../lib/gcc/arm-none-eabi/4.8.4/armv6-m\libgcc.a(adddf3.o)
 .debug_frame   0x00000000       0x3c c:/program files (x86)/gnu tools arm embedded/4.8 2014q2/bin/../lib/gcc/arm-none-eabi/4.8.4/armv6-m\libgcc.a(adddf3.o)
 .text          0x00000000      0x648 c:/program files (x86)/gnu tools arm embedded/4.8 2014q2/bin/../lib/gcc/arm-none-eabi/4.8.4/armv6-m\libgcc.a(divdf3.o)
 .data          0x00000000        0x0 c:/program files (x86)/gnu tools arm embedded/4.8 2014q2/bin/../lib/gcc/arm-none-eabi/4.8.4/armv6-m\libgcc.a(divdf3.o)
 .bss           0x00000000        0x0 c:/program files (x86)/gnu tools arm embedded/4.8 2014q2/bin/../lib/gcc/arm-none-eabi/4.8.4/armv6-m\libgcc.a(divdf3.o)
 .rodata        0x00000000       0x40 c:/program files (x86)/gnu tools arm embedded/4.8 2014q2/bin/../lib/gcc/arm-none-eabi/4.8.4/armv6-m\libgcc.a(divdf3.o)
 .ARM.attributes
                0x00000000       0x2c c:/program files (x86)/gnu tools arm embedded/4.8 2014q2/bin/../lib/gcc/arm-none-eabi/4.8.4/armv6-m\libgcc.a(divdf3.o)
 .debug_frame   0x00000000       0x3c c:/program files (x86)/gnu tools arm embedded/4.8 2014q2/bin/../lib/gcc/arm-none-eabi/4.8.4/armv6-m\libgcc.a(divdf3.o)
 .text          0x00000000       0x94 c:/program files (x86)/gnu tools arm embedded/4.8 2014q2/bin/../lib/gcc/arm-none-eabi/4.8.4/armv6-m\libgcc.a(eqdf2.o)
 .data          0x00000000        0x0 c:/program files (x86)/gnu tools arm embedded/4.8 2014q2/bin/../lib/gcc/arm-none-eabi/4.8.4/armv6-m\libgcc.a(eqdf2.o)
 .bss           0x00000000        0x0 c:/program files (x86)/gnu tools arm embedded/4.8 2014q2/bin/../lib/gcc/arm-none-eabi/4.8.4/armv6-m\libgcc.a(eqdf2.o)
 .ARM.attributes
                0x00000000       0x2c c:/program files (x86)/gnu tools arm embedded/4.8 2014q2/bin/../lib/gcc/arm-none-eabi/4.8.4/armv6-m\libgcc.a(eqdf2.o)
 .debug_frame   0x00000000       0x3c c:/program files (x86)/gnu tools arm embedded/4.8 2014q2/bin/../lib/gcc/arm-none-eabi/4.8.4/armv6-m\libgcc.a(eqdf2.o)
 .text          0x00000000       0xfc c:/program files (x86)/gnu tools arm embedded/4.8 2014q2/bin/../lib/gcc/arm-none-eabi/4.8.4/armv6-m\libgcc.a(gedf2.o)
 .data          0x00000000        0x0 c:/program files (x86)/gnu tools arm embedded/4.8 2014q2/bin/../lib/gcc/arm-none-eabi/4.8.4/armv6-m\libgcc.a(gedf2.o)
 .bss           0x00000000        0x0 c:/program files (x86)/gnu tools arm embedded/4.8 2014q2/bin/../lib/gcc/arm-none-eabi/4.8.4/armv6-m\libgcc.a(gedf2.o)
 .ARM.attributes
                0x00000000       0x2c c:/program files (x86)/gnu tools arm embedded/4.8 2014q2/bin/../lib/gcc/arm-none-eabi/4.8.4/armv6-m\libgcc.a(gedf2.o)
 .debug_frame   0x00000000       0x38 c:/program files (x86)/gnu tools arm embedded/4.8 2014q2/bin/../lib/gcc/arm-none-eabi/4.8.4/armv6-m\libgcc.a(gedf2.o)
 .text          0x00000000       0xfc c:/program files (x86)/gnu tools arm embedded/4.8 2014q2/bin/../lib/gcc/arm-none-eabi/4.8.4/armv6-m\libgcc.a(ledf2.o)
 .data          0x00000000        0x0 c:/program files (x86)/gnu tools arm embedded/4.8 2014q2/bin/../lib/gcc/arm-none-eabi/4.8.4/armv6-m\libgcc.a(ledf2.o)
 .bss           0x00000000        0x0 c:/program files (x86)/gnu tools arm embedded/4.8 2014q2/bin/../lib/gcc/arm-none-eabi/4.8.4/armv6-m\libgcc.a(ledf2.o)
 .ARM.attributes
                0x00000000       0x2c c:/program files (x86)/gnu tools arm embedded/4.8 2014q2/bin/../lib/gcc/arm-none-eabi/4.8.4/armv6-m\libgcc.a(ledf2.o)
 .debug_frame   0x00000000       0x3c c:/program files (x86)/gnu tools arm embedded/4.8 2014q2/bin/../lib/gcc/arm-none-eabi/4.8.4/armv6-m\libgcc.a(ledf2.o)
 .text          0x00000000      0x520 c:/program files (x86)/gnu tools arm embedded/4.8 2014q2/bin/../lib/gcc/arm-none-eabi/4.8.4/armv6-m\libgcc.a(muldf3.o)
 .data          0x00000000        0x0 c:/program files (x86)/gnu tools arm embedded/4.8 2014q2/bin/../lib/gcc/arm-none-eabi/4.8.4/armv6-m\libgcc.a(muldf3.o)
 .bss           0x00000000        0x0 c:/program files (x86)/gnu tools arm embedded/4.8 2014q2/bin/../lib/gcc/arm-none-eabi/4.8.4/armv6-m\libgcc.a(muldf3.o)
 .rodata        0x00000000       0x40 c:/program files (x86)/gnu tools arm embedded/4.8 2014q2/bin/../lib/gcc/arm-none-eabi/4.8.4/armv6-m\libgcc.a(muldf3.o)
 .ARM.attributes
                0x00000000       0x2c c:/program files (x86)/gnu tools arm embedded/4.8 2014q2/bin/../lib/gcc/arm-none-eabi/4.8.4/armv6-m\libgcc.a(muldf3.o)
 .debug_frame   0x00000000       0x3c c:/program files (x86)/gnu tools arm embedded/4.8 2014q2/bin/../lib/gcc/arm-none-eabi/4.8.4/armv6-m\libgcc.a(muldf3.o)
 .text          0x00000000      0x668 c:/program files (x86)/gnu tools arm embedded/4.8 2014q2/bin/../lib/gcc/arm-none-eabi/4.8.4/armv6-m\libgcc.a(subdf3.o)
 .data          0x00000000        0x0 c:/program files (x86)/gnu tools arm embedded/4.8 2014q2/bin/../lib/gcc/arm-none-eabi/4.8.4/armv6-m\libgcc.a(subdf3.o)
 .bss           0x00000000        0x0 c:/program files (x86)/gnu tools arm embedded/4.8 2014q2/bin/../lib/gcc/arm-none-eabi/4.8.4/armv6-m\libgcc.a(subdf3.o)
 .ARM.attributes
                0x00000000       0x2c c:/program files (x86)/gnu tools arm embedded/4.8 2014q2/bin/../lib/gcc/arm-none-eabi/4.8.4/armv6-m\libgcc.a(subdf3.o)
 .debug_frame   0x00000000       0x3c c:/program files (x86)/gnu tools arm embedded/4.8 2014q2/bin/../lib/gcc/arm-none-eabi/4.8.4/armv6-m\libgcc.a(subdf3.o)
 .text          0x00000000       0x68 c:/program files (x86)/gnu tools arm embedded/4.8 2014q2/bin/../lib/gcc/arm-none-eabi/4.8.4/armv6-m\libgcc.a(fixdfsi.o)
 .data          0x00000000        0x0 c:/program files (x86)/gnu tools arm embedded/4.8 2014q2/bin/../lib/gcc/arm-none-eabi/4.8.4/armv6-m\libgcc.a(fixdfsi.o)
 .bss           0x00000000        0x0 c:/program files (x86)/gnu tools arm embedded/4.8 2014q2/bin/../lib/gcc/arm-none-eabi/4.8.4/armv6-m\libgcc.a(fixdfsi.o)
 .ARM.attributes
                0x00000000       0x2c c:/program files (x86)/gnu tools arm embedded/4.8 2014q2/bin/../lib/gcc/arm-none-eabi/4.8.4/armv6-m\libgcc.a(fixdfsi.o)
 .debug_frame   0x00000000       0x2c c:/program files (x86)/gnu tools arm embedded/4.8 2014q2/bin/../lib/gcc/arm-none-eabi/4.8.4/armv6-m\libgcc.a(fixdfsi.o)
 .text          0x00000000       0x7c c:/program files (x86)/gnu tools arm embedded/4.8 2014q2/bin/../lib/gcc/arm-none-eabi/4.8.4/armv6-m\libgcc.a(floatsidf.o)
 .data          0x00000000        0x0 c:/program files (x86)/gnu tools arm embedded/4.8 2014q2/bin/../lib/gcc/arm-none-eabi/4.8.4/armv6-m\libgcc.a(floatsidf.o)
 .bss           0x00000000        0x0 c:/program files (x86)/gnu tools arm embedded/4.8 2014q2/bin/../lib/gcc/arm-none-eabi/4.8.4/armv6-m\libgcc.a(floatsidf.o)
 .ARM.attributes
                0x00000000       0x2c c:/program files (x86)/gnu tools arm embedded/4.8 2014q2/bin/../lib/gcc/arm-none-eabi/4.8.4/armv6-m\libgcc.a(floatsidf.o)
 .debug_frame   0x00000000       0x30 c:/program files (x86)/gnu tools arm embedded/4.8 2014q2/bin/../lib/gcc/arm-none-eabi/4.8.4/armv6-m\libgcc.a(floatsidf.o)
 .text          0x00000000       0x68 c:/program files (x86)/gnu tools arm embedded/4.8 2014q2/bin/../lib/gcc/arm-none-eabi/4.8.4/armv6-m\libgcc.a(floatunsidf.o)
 .data          0x00000000        0x0 c:/program files (x86)/gnu tools arm embedded/4.8 2014q2/bin/../lib/gcc/arm-none-eabi/4.8.4/armv6-m\libgcc.a(floatunsidf.o)
 .bss           0x00000000        0x0 c:/program files (x86)/gnu tools arm embedded/4.8 2014q2/bin/../lib/gcc/arm-none-eabi/4.8.4/armv6-m\libgcc.a(floatunsidf.o)
 .ARM.attributes
                0x00000000       0x2c c:/program files (x86)/gnu tools arm embedded/4.8 2014q2/bin/../lib/gcc/arm-none-eabi/4.8.4/armv6-m\libgcc.a(floatunsidf.o)
 .debug_frame   0x00000000       0x28 c:/program files (x86)/gnu tools arm embedded/4.8 2014q2/bin/../lib/gcc/arm-none-eabi/4.8.4/armv6-m\libgcc.a(floatunsidf.o)
 .text          0x00000000       0x44 c:/program files (x86)/gnu tools arm embedded/4.8 2014q2/bin/../lib/gcc/arm-none-eabi/4.8.4/armv6-m\libgcc.a(_muldi3.o)
 .data          0x00000000        0x0 c:/program files (x86)/gnu tools arm embedded/4.8 2014q2/bin/../lib/gcc/arm-none-eabi/4.8.4/armv6-m\libgcc.a(_muldi3.o)
 .bss           0x00000000        0x0 c:/program files (x86)/gnu tools arm embedded/4.8 2014q2/bin/../lib/gcc/arm-none-eabi/4.8.4/armv6-m\libgcc.a(_muldi3.o)
 .ARM.attributes
                0x00000000       0x2c c:/program files (x86)/gnu tools arm embedded/4.8 2014q2/bin/../lib/gcc/arm-none-eabi/4.8.4/armv6-m\libgcc.a(_muldi3.o)
 .debug_frame   0x00000000       0x30 c:/program files (x86)/gnu tools arm embedded/4.8 2014q2/bin/../lib/gcc/arm-none-eabi/4.8.4/armv6-m\libgcc.a(_muldi3.o)
 .text          0x00000000      0x3b8 c:/program files (x86)/gnu tools arm embedded/4.8 2014q2/bin/../lib/gcc/arm-none-eabi/4.8.4/armv6-m\libgcc.a(_divdi3.o)
 .data          0x00000000        0x0 c:/program files (x86)/gnu tools arm embedded/4.8 2014q2/bin/../lib/gcc/arm-none-eabi/4.8.4/armv6-m\libgcc.a(_divdi3.o)
 .bss           0x00000000        0x0 c:/program files (x86)/gnu tools arm embedded/4.8 2014q2/bin/../lib/gcc/arm-none-eabi/4.8.4/armv6-m\libgcc.a(_divdi3.o)
 .ARM.extab     0x00000000        0x0 c:/program files (x86)/gnu tools arm embedded/4.8 2014q2/bin/../lib/gcc/arm-none-eabi/4.8.4/armv6-m\libgcc.a(_divdi3.o)
 .ARM.exidx     0x00000000        0x8 c:/program files (x86)/gnu tools arm embedded/4.8 2014q2/bin/../lib/gcc/arm-none-eabi/4.8.4/armv6-m\libgcc.a(_divdi3.o)
 .ARM.attributes
                0x00000000       0x2c c:/program files (x86)/gnu tools arm embedded/4.8 2014q2/bin/../lib/gcc/arm-none-eabi/4.8.4/armv6-m\libgcc.a(_divdi3.o)
 .debug_frame   0x00000000       0x3c c:/program files (x86)/gnu tools arm embedded/4.8 2014q2/bin/../lib/gcc/arm-none-eabi/4.8.4/armv6-m\libgcc.a(_divdi3.o)
 .text          0x00000000      0x384 c:/program files (x86)/gnu tools arm embedded/4.8 2014q2/bin/../lib/gcc/arm-none-eabi/4.8.4/armv6-m\libgcc.a(_udivdi3.o)
 .data          0x00000000        0x0 c:/program files (x86)/gnu tools arm embedded/4.8 2014q2/bin/../lib/gcc/arm-none-eabi/4.8.4/armv6-m\libgcc.a(_udivdi3.o)
 .bss           0x00000000        0x0 c:/program files (x86)/gnu tools arm embedded/4.8 2014q2/bin/../lib/gcc/arm-none-eabi/4.8.4/armv6-m\libgcc.a(_udivdi3.o)
 .ARM.extab     0x00000000        0x0 c:/program files (x86)/gnu tools arm embedded/4.8 2014q2/bin/../lib/gcc/arm-none-eabi/4.8.4/armv6-m\libgcc.a(_udivdi3.o)
 .ARM.exidx     0x00000000        0x8 c:/program files (x86)/gnu tools arm embedded/4.8 2014q2/bin/../lib/gcc/arm-none-eabi/4.8.4/armv6-m\libgcc.a(_udivdi3.o)
 .ARM.attributes
                0x00000000       0x2c c:/program files (x86)/gnu tools arm embedded/4.8 2014q2/bin/../lib/gcc/arm-none-eabi/4.8.4/armv6-m\libgcc.a(_udivdi3.o)
 .debug_frame   0x00000000       0x3c c:/program files (x86)/gnu tools arm embedded/4.8 2014q2/bin/../lib/gcc/arm-none-eabi/4.8.4/armv6-m\libgcc.a(_udivdi3.o)

Memory Configuration

Name             Origin             Length             Attributes
rom              0x08000000         0x00010000         xr
ram              0x20000000         0x00002000         xrw
*default*        0x00000000         0xffffffff

Linker script and memory map

                0x20002000                _eram = 0x20002000

.text           0x08000000     0x186c
 *(.isr_vector)
 .isr_vector    0x08000000       0xc4 ..\obj\startup_stm32f0xx.o
                0x08000000                g_pfnVectors
 *(.text*)
 .text.RCC_AHBPeriphClockCmd
                0x080000c4       0x3c ..\obj\stm32f0xx_rcc.o
                0x080000c4                RCC_AHBPeriphClockCmd
 .text.RCC_APB2PeriphClockCmd
                0x08000100       0x3c ..\obj\stm32f0xx_rcc.o
                0x08000100                RCC_APB2PeriphClockCmd
 .text.ADC_Init
                0x0800013c       0x58 ..\obj\stm32f0xx_adc.o
                0x0800013c                ADC_Init
 .text.ADC_Cmd  0x08000194       0x38 ..\obj\stm32f0xx_adc.o
                0x08000194                ADC_Cmd
 .text.ADC_ChannelConfig
                0x080001cc       0x38 ..\obj\stm32f0xx_adc.o
                0x080001cc                ADC_ChannelConfig
 .text.ADC_StartOfConversion
                0x08000204       0x1c ..\obj\stm32f0xx_adc.o
                0x08000204                ADC_StartOfConversion
 .text.ADC_GetConversionValue
                0x08000220       0x18 ..\obj\stm32f0xx_adc.o
                0x08000220                ADC_GetConversionValue
 .text.ADC_GetFlagStatus
                0x08000238       0x60 ..\obj\stm32f0xx_adc.o
                0x08000238                ADC_GetFlagStatus
 .text.PChar    0x08000298      0x184 ..\obj\GFXC.o
                0x08000298                PChar
 .text.PStr     0x0800041c       0x98 ..\obj\GFXC.o
                0x0800041c                PStr
 .text.PNum     0x080004b4      0x198 ..\obj\GFXC.o
                0x080004b4                PNum
 .text.StrLen   0x0800064c       0x40 ..\obj\GFXC.o
                0x0800064c                StrLen
 .text.CheckNumLength
                0x0800068c       0x74 ..\obj\GFXC.o
                0x0800068c                CheckNumLength
 .text.FPow     0x08000700       0x54 ..\obj\GFXC.o
                0x08000700                FPow
 .text.Delay    0x08000754       0x2c ..\obj\ILI9163.o
                0x08000754                Delay
 .text.SB       0x08000780       0x60 ..\obj\ILI9163.o
                0x08000780                SB
 .text.SW       0x080007e0       0x88 ..\obj\ILI9163.o
                0x080007e0                SW
 .text.SetAddr  0x08000868       0x94 ..\obj\ILI9163.o
                0x08000868                SetAddr
 .text.SetScrn  0x080008fc       0x6c ..\obj\ILI9163.o
                0x080008fc                SetScrn
 .text.ClrScrn  0x08000968       0x14 ..\obj\ILI9163.o
                0x08000968                ClrScrn
 .text.PCol     0x0800097c       0x20 ..\obj\ILI9163.o
                0x0800097c                PCol
 .text.InvMode  0x0800099c       0x2c ..\obj\ILI9163.o
                0x0800099c                InvMode
 .text.ILI9163Init
                0x080009c8      0x1d0 ..\obj\ILI9163.o
                0x080009c8                ILI9163Init
 .text.NVIC_SetPriority
                0x08000b98       0xe0 ..\obj\main.o
 .text.SysTick_Config
                0x08000c78       0x4c ..\obj\main.o
 .text.ADC_Read
                0x08000cc4       0x4c ..\obj\main.o
                0x08000cc4                ADC_Read
 .text.SysTick_Handler
                0x08000d10       0x18 ..\obj\main.o
                0x08000d10                SysTick_Handler
 .text.main     0x08000d28      0x198 ..\obj\main.o
                0x08000d28                main
 .text.Reset_Handler
                0x08000ec0       0x4c ..\obj\startup_stm32f0xx.o
                0x08000ec0                Reset_Handler
 .text.Default_Handler
                0x08000f0c        0x2 ..\obj\startup_stm32f0xx.o
                0x08000f0c                TIM1_CC_IRQHandler
                0x08000f0c                HardFault_Handler
                0x08000f0c                ADC1_COMP_IRQHandler
                0x08000f0c                PVD_IRQHandler
                0x08000f0c                PendSV_Handler
                0x08000f0c                NMI_Handler
                0x08000f0c                I2C1_IRQHandler
                0x08000f0c                SPI1_IRQHandler
                0x08000f0c                TIM6_DAC_IRQHandler
                0x08000f0c                EXTI2_3_IRQHandler
                0x08000f0c                I2C2_IRQHandler
                0x08000f0c                TIM17_IRQHandler
                0x08000f0c                RTC_IRQHandler
                0x08000f0c                TIM16_IRQHandler
                0x08000f0c                TIM3_IRQHandler
                0x08000f0c                EXTI4_15_IRQHandler
                0x08000f0c                RCC_IRQHandler
                0x08000f0c                DMA1_Channel1_IRQHandler
                0x08000f0c                Default_Handler
                0x08000f0c                CEC_IRQHandler
                0x08000f0c                TIM14_IRQHandler
                0x08000f0c                DMA1_Channel4_5_IRQHandler
                0x08000f0c                TIM15_IRQHandler
                0x08000f0c                EXTI0_1_IRQHandler
                0x08000f0c                SPI2_IRQHandler
                0x08000f0c                SVC_Handler
                0x08000f0c                TS_IRQHandler
                0x08000f0c                WWDG_IRQHandler
                0x08000f0c                TIM2_IRQHandler
                0x08000f0c                DMA1_Channel2_3_IRQHandler
                0x08000f0c                USART2_IRQHandler
                0x08000f0c                FLASH_IRQHandler
                0x08000f0c                USART1_IRQHandler
                0x08000f0c                TIM1_BRK_UP_TRG_COM_IRQHandler
 *fill*         0x08000f0e        0x2 
 .text.SPI_Init
                0x08000f10      0x104 ..\obj\stm32f0xx_spi.o
                0x08000f10                SPI_Init
 .text.SPI_Cmd  0x08001014       0x40 ..\obj\stm32f0xx_spi.o
                0x08001014                SPI_Cmd
 .text.SPI_SendData8
                0x08001054       0x2c ..\obj\stm32f0xx_spi.o
                0x08001054                SPI_SendData8
 .text.SPI_I2S_GetFlagStatus
                0x08001080       0x48 ..\obj\stm32f0xx_spi.o
                0x08001080                SPI_I2S_GetFlagStatus
 .text.SystemInit1
                0x080010c8       0x8c ..\obj\system_stm32f0xx_temp.o
                0x080010c8                SystemInit
                0x080010c8                SystemInit1
 .text.SystemCoreClockUpdate1
                0x08001154       0xd0 ..\obj\system_stm32f0xx_temp.o
                0x08001154                SystemCoreClockUpdate
                0x08001154                SystemCoreClockUpdate1
 .text.SetSysClock1
                0x08001224       0xe0 ..\obj\system_stm32f0xx_temp.o
                0x08001224                SetSysClock
 .text.GPIO_Init
                0x08001304      0x138 ..\obj\stm32f0xx_gpio.o
                0x08001304                GPIO_Init
 .text.GPIO_SetBits
                0x0800143c       0x1c ..\obj\stm32f0xx_gpio.o
                0x0800143c                GPIO_SetBits
 .text.GPIO_ResetBits
                0x08001458       0x1c ..\obj\stm32f0xx_gpio.o
                0x08001458                GPIO_ResetBits
 .text.GPIO_PinAFConfig
                0x08001474       0x9c ..\obj\stm32f0xx_gpio.o
                0x08001474                GPIO_PinAFConfig
 .text          0x08001510       0x9c c:/program files (x86)/gnu tools arm embedded/4.8 2014q2/bin/../lib/gcc/arm-none-eabi/4.8.4/armv6-m\libgcc.a(_udivsi3.o)
                0x08001510                __aeabi_uidiv
                0x08001510                __udivsi3
                0x08001598                __aeabi_uidivmod
 .text          0x080015ac       0xc0 c:/program files (x86)/gnu tools arm embedded/4.8 2014q2/bin/../lib/gcc/arm-none-eabi/4.8.4/armv6-m\libgcc.a(_divsi3.o)
                0x080015ac                __divsi3
                0x080015ac                __aeabi_idiv
                0x08001658                __aeabi_idivmod
 .text          0x0800166c        0x4 c:/program files (x86)/gnu tools arm embedded/4.8 2014q2/bin/../lib/gcc/arm-none-eabi/4.8.4/armv6-m\libgcc.a(_dvmd_tls.o)
                0x0800166c                __aeabi_idiv0
                0x0800166c                __aeabi_ldiv0
 *(.init)
 *(.fini)
 *crtbegin.o(.ctors)
 *crtbegin?.o(.ctors)
 *(EXCLUDE_FILE(*crtend.o *crtend?.o) .ctors)
 *(SORT(.ctors.*))
 *(.ctors)
 *crtbegin.o(.dtors)
 *crtbegin?.o(.dtors)
 *(EXCLUDE_FILE(*crtend.o *crtend?.o) .dtors)
 *(SORT(.dtors.*))
 *(.dtors)
 *(.rodata*)
 .rodata        0x08001670      0x1f0 ..\obj\GFXC.o
                0x08001670                Chars
 .rodata        0x08001860        0xc ..\obj\main.o
 *(.eh_fram e*)

.glue_7         0x0800186c        0x0
 .glue_7        0x00000000        0x0 linker stubs

.glue_7t        0x0800186c        0x0
 .glue_7t       0x00000000        0x0 linker stubs

.vfp11_veneer   0x0800186c        0x0
 .vfp11_veneer  0x00000000        0x0 linker stubs

.v4_bx          0x0800186c        0x0
 .v4_bx         0x00000000        0x0 linker stubs

.iplt           0x0800186c        0x0
 .iplt          0x00000000        0x0 ..\obj\stm32f0xx_rcc.o

.rel.dyn        0x0800186c        0x0
 .rel.iplt      0x00000000        0x0 ..\obj\stm32f0xx_rcc.o

.ARM.extab
 *(.ARM.extab* .gnu.linkonce.armextab.*)
                0x0800186c                __exidx_start = .

.ARM.exidx
 *(.ARM.exidx* .gnu.linkonce.armexidx.*)
                0x0800186c                __exidx_end = .
                0x0800186c                __etext = .
                0x0800186c                _sidata = __etext

.data           0x20000000       0x14 load address 0x0800186c
                0x20000000                __data_start__ = .
                0x20000000                _sdata = __data_start__
 *(vtable)
 *(.data*)
 .data          0x20000000       0x14 ..\obj\system_stm32f0xx_temp.o
                0x20000000                SystemCoreClock
                0x20000004                AHBPrescTable
                0x20000014                . = ALIGN (0x4)
                0x20000014                PROVIDE (__preinit_array_start, .)
 *(.preinit_array)
                0x20000014                PROVIDE (__preinit_array_end, .)
                0x20000014                . = ALIGN (0x4)
                0x20000014                PROVIDE (__init_array_start, .)
 *(SORT(.init_array.*))
 *(.init_array)
                0x20000014                PROVIDE (__init_array_end, .)
                0x20000014                . = ALIGN (0x4)
                0x20000014                PROVIDE (__fini_array_start, .)
 *(SORT(.fini_array.*))
 *(.fini_array)
                0x20000014                PROVIDE (__fini_array_end, .)
 *(.jcr*)
                0x20000014                . = ALIGN (0x4)
                0x20000014                __data_end__ = .
                0x20000014                _edata = __data_end__

.igot.plt       0x20000014        0x0 load address 0x08001880
 .igot.plt      0x00000000        0x0 ..\obj\stm32f0xx_rcc.o

.bss            0x20000014       0x38 load address 0x08001880
                0x20000014                . = ALIGN (0x4)
                0x20000014                __bss_start__ = .
                0x20000014                _sbss = __bss_start__
 *(.bss*)
 .bss           0x20000014        0x4 ..\obj\main.o
                0x20000014                MSec
 *(COMMON)
 COMMON         0x20000018       0x1c ..\obj\ILI9163.o
                0x20000018                S
                0x2000002c                G
 COMMON         0x20000034       0x18 ..\obj\main.o
                0x20000034                A
                0x2000004c                . = ALIGN (0x4)
                0x2000004c                __bss_end__ = .
                0x2000004c                _ebss = __bss_end__

.heap           0x2000004c        0x0
                0x2000004c                __end__ = .
                0x2000004c                _end = __end__
                0x2000004c                end = __end__
 *(.heap*)
                0x2000004c                __HeapLimit = .

.co_stack       0x2000004c        0x4 load address 0x080018b8
                0x20000050                . = ALIGN (0x8)
 *fill*         0x2000004c        0x4 
 *(.co_stack .co_stack.*)
                0x20002000                __StackTop = (ORIGIN (ram) + 0x2000)
                0x20001ffc                __StackLimit = (__StackTop - SIZEOF (.co_stack))
                0x20002000                PROVIDE (__stack, __StackTop)
                0x00000001                ASSERT ((__StackLimit >= __HeapLimit), region ram  overflowed with stack)
LOAD ..\obj\stm32f0xx_rcc.o
LOAD ..\obj\stm32f0xx_adc.o
LOAD ..\obj\GFXC.o
LOAD ..\obj\ILI9163.o
LOAD ..\obj\main.o
LOAD ..\obj\startup_stm32f0xx.o
LOAD ..\obj\stm32f0xx_spi.o
LOAD ..\obj\system_stm32f0xx_temp.o
LOAD ..\obj\stm32f0xx_gpio.o
START GROUP
LOAD c:/program files (x86)/gnu tools arm embedded/4.8 2014q2/bin/../lib/gcc/arm-none-eabi/4.8.4/armv6-m\libgcc.a
LOAD c:/program files (x86)/gnu tools arm embedded/4.8 2014q2/bin/../lib/gcc/arm-none-eabi/4.8.4/../../../../arm-none-eabi/lib/armv6-m\libg.a
LOAD c:/program files (x86)/gnu tools arm embedded/4.8 2014q2/bin/../lib/gcc/arm-none-eabi/4.8.4/../../../../arm-none-eabi/lib/armv6-m\libc.a
END GROUP
OUTPUT(ADXL335-F0.elf elf32-littlearm)

.debug_info     0x00000000     0x42ff
 .debug_info    0x00000000      0x99a ..\obj\stm32f0xx_rcc.o
 .debug_info    0x0000099a      0x894 ..\obj\stm32f0xx_adc.o
 .debug_info    0x0000122e      0xdad ..\obj\GFXC.o
 .debug_info    0x00001fdb      0x701 ..\obj\ILI9163.o
 .debug_info    0x000026dc      0x82e ..\obj\main.o
 .debug_info    0x00002f0a       0xaa ..\obj\startup_stm32f0xx.o
 .debug_info    0x00002fb4      0xa8d ..\obj\stm32f0xx_spi.o
 .debug_info    0x00003a41      0x2ef ..\obj\system_stm32f0xx_temp.o
 .debug_info    0x00003d30      0x5cf ..\obj\stm32f0xx_gpio.o

.debug_abbrev   0x00000000      0xd67
 .debug_abbrev  0x00000000      0x1ec ..\obj\stm32f0xx_rcc.o
 .debug_abbrev  0x000001ec      0x188 ..\obj\stm32f0xx_adc.o
 .debug_abbrev  0x00000374      0x1bf ..\obj\GFXC.o
 .debug_abbrev  0x00000533      0x1bf ..\obj\ILI9163.o
 .debug_abbrev  0x000006f2      0x1f3 ..\obj\main.o
 .debug_abbrev  0x000008e5       0x12 ..\obj\startup_stm32f0xx.o
 .debug_abbrev  0x000008f7      0x1a1 ..\obj\stm32f0xx_spi.o
 .debug_abbrev  0x00000a98      0x134 ..\obj\system_stm32f0xx_temp.o
 .debug_abbrev  0x00000bcc      0x19b ..\obj\stm32f0xx_gpio.o

.debug_aranges  0x00000000      0x5c0
 .debug_aranges
                0x00000000      0x150 ..\obj\stm32f0xx_rcc.o
 .debug_aranges
                0x00000150      0x100 ..\obj\stm32f0xx_adc.o
 .debug_aranges
                0x00000250       0xd0 ..\obj\GFXC.o
 .debug_aranges
                0x00000320       0x78 ..\obj\ILI9163.o
 .debug_aranges
                0x00000398       0x40 ..\obj\main.o
 .debug_aranges
                0x000003d8       0x28 ..\obj\startup_stm32f0xx.o
 .debug_aranges
                0x00000400      0x110 ..\obj\stm32f0xx_spi.o
 .debug_aranges
                0x00000510       0x30 ..\obj\system_stm32f0xx_temp.o
 .debug_aranges
                0x00000540       0x80 ..\obj\stm32f0xx_gpio.o

.debug_ranges   0x00000000      0x538
 .debug_ranges  0x00000000      0x140 ..\obj\stm32f0xx_rcc.o
 .debug_ranges  0x00000140       0xf0 ..\obj\stm32f0xx_adc.o
 .debug_ranges  0x00000230       0xc0 ..\obj\GFXC.o
 .debug_ranges  0x000002f0       0x68 ..\obj\ILI9163.o
 .debug_ranges  0x00000358       0x30 ..\obj\main.o
 .debug_ranges  0x00000388       0x20 ..\obj\startup_stm32f0xx.o
 .debug_ranges  0x000003a8      0x100 ..\obj\stm32f0xx_spi.o
 .debug_ranges  0x000004a8       0x20 ..\obj\system_stm32f0xx_temp.o
 .debug_ranges  0x000004c8       0x70 ..\obj\stm32f0xx_gpio.o

.debug_line     0x00000000     0x1dd7
 .debug_line    0x00000000      0x509 ..\obj\stm32f0xx_rcc.o
 .debug_line    0x00000509      0x41c ..\obj\stm32f0xx_adc.o
 .debug_line    0x00000925      0x4e0 ..\obj\GFXC.o
 .debug_line    0x00000e05      0x33d ..\obj\ILI9163.o
 .debug_line    0x00001142      0x2c9 ..\obj\main.o
 .debug_line    0x0000140b       0xad ..\obj\startup_stm32f0xx.o
 .debug_line    0x000014b8      0x480 ..\obj\stm32f0xx_spi.o
 .debug_line    0x00001938      0x1bb ..\obj\system_stm32f0xx_temp.o
 .debug_line    0x00001af3      0x2e4 ..\obj\stm32f0xx_gpio.o

.debug_str      0x00000000     0x18c5
 .debug_str     0x00000000      0x67f ..\obj\stm32f0xx_rcc.o
                                0x71d (size before relaxing)
 .debug_str     0x0000067f      0x411 ..\obj\stm32f0xx_adc.o
                                0x59b (size before relaxing)
 .debug_str     0x00000a90      0x2aa ..\obj\GFXC.o
                                0x42c (size before relaxing)
 .debug_str     0x00000d3a      0x305 ..\obj\ILI9163.o
                                0x514 (size before relaxing)
 .debug_str     0x0000103f      0x2ae ..\obj\main.o
                                0x6e3 (size before relaxing)
 .debug_str     0x000012ed      0x3af ..\obj\stm32f0xx_spi.o
                                0x6f6 (size before relaxing)
 .debug_str     0x0000169c       0x9c ..\obj\system_stm32f0xx_temp.o
                                0x294 (size before relaxing)
 .debug_str     0x00001738      0x18d ..\obj\stm32f0xx_gpio.o
                                0x484 (size before relaxing)

.comment        0x00000000       0x70
 .comment       0x00000000       0x70 ..\obj\stm32f0xx_rcc.o
                                 0x71 (size before relaxing)
 .comment       0x00000000       0x71 ..\obj\stm32f0xx_adc.o
 .comment       0x00000000       0x71 ..\obj\GFXC.o
 .comment       0x00000000       0x71 ..\obj\ILI9163.o
 .comment       0x00000000       0x71 ..\obj\main.o
 .comment       0x00000000       0x71 ..\obj\stm32f0xx_spi.o
 .comment       0x00000000       0x71 ..\obj\system_stm32f0xx_temp.o
 .comment       0x00000000       0x71 ..\obj\stm32f0xx_gpio.o

.ARM.attributes
                0x00000000       0x2f
 .ARM.attributes
                0x00000000       0x31 ..\obj\stm32f0xx_rcc.o
 .ARM.attributes
                0x00000031       0x31 ..\obj\stm32f0xx_adc.o
 .ARM.attributes
                0x00000062       0x31 ..\obj\GFXC.o
 .ARM.attributes
                0x00000093       0x31 ..\obj\ILI9163.o
 .ARM.attributes
                0x000000c4       0x31 ..\obj\main.o
 .ARM.attributes
                0x000000f5       0x21 ..\obj\startup_stm32f0xx.o
 .ARM.attributes
                0x00000116       0x31 ..\obj\stm32f0xx_spi.o
 .ARM.attributes
                0x00000147       0x31 ..\obj\system_stm32f0xx_temp.o
 .ARM.attributes
                0x00000178       0x31 ..\obj\stm32f0xx_gpio.o
 .ARM.attributes
                0x000001a9       0x1e c:/program files (x86)/gnu tools arm embedded/4.8 2014q2/bin/../lib/gcc/arm-none-eabi/4.8.4/armv6-m\libgcc.a(_udivsi3.o)
 .ARM.attributes
                0x000001c7       0x1e c:/program files (x86)/gnu tools arm embedded/4.8 2014q2/bin/../lib/gcc/arm-none-eabi/4.8.4/armv6-m\libgcc.a(_divsi3.o)
 .ARM.attributes
                0x000001e5       0x1e c:/program files (x86)/gnu tools arm embedded/4.8 2014q2/bin/../lib/gcc/arm-none-eabi/4.8.4/armv6-m\libgcc.a(_dvmd_tls.o)

.debug_frame    0x00000000     0x1410
 .debug_frame   0x00000000      0x4e4 ..\obj\stm32f0xx_rcc.o
 .debug_frame   0x000004e4      0x3b0 ..\obj\stm32f0xx_adc.o
 .debug_frame   0x00000894      0x2f8 ..\obj\GFXC.o
 .debug_frame   0x00000b8c      0x188 ..\obj\ILI9163.o
 .debug_frame   0x00000d14       0xb0 ..\obj\main.o
 .debug_frame   0x00000dc4      0x3f0 ..\obj\stm32f0xx_spi.o
 .debug_frame   0x000011b4       0x6c ..\obj\system_stm32f0xx_temp.o
 .debug_frame   0x00001220      0x1b0 ..\obj\stm32f0xx_gpio.o
 .debug_frame   0x000013d0       0x20 c:/program files (x86)/gnu tools arm embedded/4.8 2014q2/bin/../lib/gcc/arm-none-eabi/4.8.4/armv6-m\libgcc.a(_udivsi3.o)
 .debug_frame   0x000013f0       0x20 c:/program files (x86)/gnu tools arm embedded/4.8 2014q2/bin/../lib/gcc/arm-none-eabi/4.8.4/armv6-m\libgcc.a(_divsi3.o)
